ARM Linker, 4.1 [Build 894] [Standard]

==============================================================================

Section Cross References

    main.o(i.App_TaskStart) refers to os_cpu_c.o(i.OS_CPU_SysTickInit) for OS_CPU_SysTickInit
    main.o(i.App_TaskStart) refers to bsp.o(i.BSP_Init) for BSP_Init
    main.o(i.App_TaskStart) refers to os_task.o(i.OSTaskCreate) for OSTaskCreate
    main.o(i.App_TaskStart) refers to os_task.o(i.OSTaskSuspend) for OSTaskSuspend
    main.o(i.App_TaskStart) refers to main.o(.bss) for App_LED1Stk
    main.o(i.App_TaskStart) refers to main.o(i.App_Task_LED1) for App_Task_LED1
    main.o(i.App_TaskStart) refers to main.o(i.App_Task_NRF24L01) for App_Task_NRF24L01
    main.o(i.App_TaskStart) refers to main.o(i.App_Task_ACTION) for App_Task_ACTION
    main.o(i.App_Task_ACTION) refers to control.o(i.Stand_Up) for Stand_Up
    main.o(i.App_Task_ACTION) refers to control.o(i.Stamp) for Stamp
    main.o(i.App_Task_ACTION) refers to control.o(i.Sit_Down) for Sit_Down
    main.o(i.App_Task_ACTION) refers to control.o(i.Go_straight) for Go_straight
    main.o(i.App_Task_ACTION) refers to stm32f4xx_gpio.o(i.GPIO_SetBits) for GPIO_SetBits
    main.o(i.App_Task_ACTION) refers to control.o(i.Turn) for Turn
    main.o(i.App_Task_ACTION) refers to main.o(.data) for cmd
    main.o(i.App_Task_LED1) refers to stm32f4xx_gpio.o(i.GPIO_SetBits) for GPIO_SetBits
    main.o(i.App_Task_LED1) refers to stm32f4xx_gpio.o(i.GPIO_ResetBits) for GPIO_ResetBits
    main.o(i.App_Task_LED1) refers to os_time.o(i.OSTimeDlyHMSM) for OSTimeDlyHMSM
    main.o(i.App_Task_NRF24L01) refers to 24l01.o(i.NRF24L01_RxPacket) for NRF24L01_RxPacket
    main.o(i.App_Task_NRF24L01) refers to stm32f4xx_gpio.o(i.GPIO_SetBits) for GPIO_SetBits
    main.o(i.App_Task_NRF24L01) refers to os_time.o(i.OSTimeDlyHMSM) for OSTimeDlyHMSM
    main.o(i.App_Task_NRF24L01) refers to stm32f4xx_gpio.o(i.GPIO_ResetBits) for GPIO_ResetBits
    main.o(i.App_Task_NRF24L01) refers to main.o(.bss) for tmp_buf
    main.o(i.App_Task_NRF24L01) refers to main.o(.data) for cmd
    main.o(i.main) refers to os_core.o(i.OSInit) for OSInit
    main.o(i.main) refers to pwm.o(i.TIM_Init) for TIM_Init
    main.o(i.main) refers to 24l01.o(i.NRF24L01_Init) for NRF24L01_Init
    main.o(i.main) refers to led.o(i.LED_Init) for LED_Init
    main.o(i.main) refers to stm32f4xx_gpio.o(i.GPIO_SetBits) for GPIO_SetBits
    main.o(i.main) refers to os_time.o(i.OSTimeDlyHMSM) for OSTimeDlyHMSM
    main.o(i.main) refers to stm32f4xx_gpio.o(i.GPIO_ResetBits) for GPIO_ResetBits
    main.o(i.main) refers to 24l01.o(i.NRF24L01_Check) for NRF24L01_Check
    main.o(i.main) refers to 24l01.o(i.RX_Mode) for RX_Mode
    main.o(i.main) refers to os_task.o(i.OSTaskCreate) for OSTaskCreate
    main.o(i.main) refers to os_core.o(i.OSStart) for OSStart
    main.o(i.main) refers to main.o(.bss) for App_TaskStartStk
    main.o(i.main) refers to main.o(i.App_TaskStart) for App_TaskStart
    stm32f4xx_it.o(i.SysTick_Handler) refers to delay.o(i.TimeTick_Decrement) for TimeTick_Decrement
    stm32f4xx_it.o(i.SysTick_Handler) refers to os_cpu_a.o(.text) for OS_CPU_SR_Save
    stm32f4xx_it.o(i.SysTick_Handler) refers to os_core.o(i.OSTimeTick) for OSTimeTick
    stm32f4xx_it.o(i.SysTick_Handler) refers to os_core.o(i.OSIntExit) for OSIntExit
    stm32f4xx_it.o(i.SysTick_Handler) refers to os_core.o(.data) for OSIntNesting
    delay.o(i.SysTick_Init) refers to system_stm32f4xx.o(.data) for SystemCoreClock
    delay.o(i.TimeTick_Decrement) refers to delay.o(.data) for TimingDelay
    delay.o(i.delay_1ms) refers to delay.o(.data) for TimingDelay
    delay.o(i.delay_nms) refers to delay.o(i.delay_1ms) for delay_1ms
    delay.o(i.delay_nus) refers to delay.o(.data) for TimingDelay
    led.o(i.LED_Init) refers to stm32f4xx_rcc.o(i.RCC_AHB1PeriphClockCmd) for RCC_AHB1PeriphClockCmd
    led.o(i.LED_Init) refers to stm32f4xx_gpio.o(i.GPIO_Init) for GPIO_Init
    led.o(i.LED_Init) refers to stm32f4xx_gpio.o(i.GPIO_ResetBits) for GPIO_ResetBits
    usart.o(i.USART1_Config) refers to stm32f4xx_gpio.o(i.GPIO_PinAFConfig) for GPIO_PinAFConfig
    usart.o(i.USART1_Config) refers to stm32f4xx_rcc.o(i.RCC_AHB1PeriphClockCmd) for RCC_AHB1PeriphClockCmd
    usart.o(i.USART1_Config) refers to stm32f4xx_rcc.o(i.RCC_APB2PeriphClockCmd) for RCC_APB2PeriphClockCmd
    usart.o(i.USART1_Config) refers to stm32f4xx_gpio.o(i.GPIO_Init) for GPIO_Init
    usart.o(i.USART1_Config) refers to stm32f4xx_usart.o(i.USART_Init) for USART_Init
    usart.o(i.USART1_Config) refers to stm32f4xx_usart.o(i.USART_Cmd) for USART_Cmd
    usart.o(i.fputc) refers to stm32f4xx_usart.o(i.USART_SendData) for USART_SendData
    usart.o(i.fputc) refers to stm32f4xx_usart.o(i.USART_GetFlagStatus) for USART_GetFlagStatus
    glcd.o(i.GDrawPixel) refers to glcd.o(i.GLCD_DrawHLine) for GLCD_DrawHLine
    glcd.o(i.GLCD_Clear) refers to glcd.o(i.GLCD_SetCursor) for GLCD_SetCursor
[...]
    .\Temp\7m_tl___trial\LISTVIEW_GetHeader.c 0x00000000   Number         0  LISTVIEW_GetHeader.o ABSOLUTE
    .\Temp\7m_tl___trial\LISTVIEW_GetNumColumns.c 0x00000000   Number         0  LISTVIEW_GetNumColumns.o ABSOLUTE
    .\Temp\7m_tl___trial\LISTVIEW_GetNumRows.c 0x00000000   Number         0  LISTVIEW_GetNumRows.o ABSOLUTE
    .\Temp\7m_tl___trial\LISTVIEW_GetTextColor.c 0x00000000   Number         0  LISTVIEW_GetTextColor.o ABSOLUTE
    .\Temp\7m_tl___trial\LISTVIEW_InsertRow.c 0x00000000   Number         0  LISTVIEW_InsertRow.o ABSOLUTE
    .\Temp\7m_tl___trial\LISTVIEW_SetAutoScroll.c 0x00000000   Number         0  LISTVIEW_SetAutoScroll.o ABSOLUTE
    .\Temp\7m_tl___trial\LISTVIEW_SetGridVis.c 0x00000000   Number         0  LISTVIEW_SetGridVis.o ABSOLUTE
    .\Temp\7m_tl___trial\LISTVIEW_SetItemColor.c 0x00000000   Number         0  LISTVIEW_SetItemColor.o ABSOLUTE
    .\Temp\7m_tl___trial\LISTVIEW_SetLBorder.c 0x00000000   Number         0  LISTVIEW_SetLBorder.o ABSOLUTE
    .\Temp\7m_tl___trial\LISTVIEW_SetRBorder.c 0x00000000   Number         0  LISTVIEW_SetRBorder.o ABSOLUTE
    .\Temp\7m_tl___trial\LISTVIEW_SetSel.c   0x00000000   Number         0  LISTVIEW_SetSel.o ABSOLUTE
    .\Temp\7m_tl___trial\LISTVIEW_SetSort.c  0x00000000   Number         0  LISTVIEW_SetSort.o ABSOLUTE
    .\Temp\7m_tl___trial\PROGBAR.c           0x00000000   Number         0  PROGBAR.o ABSOLUTE
    .\Temp\7m_tl___trial\PROGBAR_CreateIndirect.c 0x00000000   Number         0  PROGBAR_CreateIndirect.o ABSOLUTE
    .\Temp\7m_tl___trial\PROGBAR_SetFont.c   0x00000000   Number         0  PROGBAR_SetFont.o ABSOLUTE
    .\Temp\7m_tl___trial\PROGBAR_SetMinMax.c 0x00000000   Number         0  PROGBAR_SetMinMax.o ABSOLUTE
    .\Temp\7m_tl___trial\PROGBAR_SetTextAlign.c 0x00000000   Number         0  PROGBAR_SetTextAlign.o ABSOLUTE
    .\Temp\7m_tl___trial\PROGBAR_Skin.c      0x00000000   Number         0  PROGBAR_Skin.o ABSOLUTE
    .\Temp\7m_tl___trial\PROGBAR_SkinClassic.c 0x00000000   Number         0  PROGBAR_SkinClassic.o ABSOLUTE
    .\Temp\7m_tl___trial\PROGBAR_SkinFlex.c  0x00000000   Number         0  PROGBAR_SkinFlex.o ABSOLUTE
    .\Temp\7m_tl___trial\SCROLLBAR.c         0x00000000   Number         0  SCROLLBAR.o ABSOLUTE
    .\Temp\7m_tl___trial\SCROLLBAR_Create.c  0x00000000   Number         0  SCROLLBAR_Create.o ABSOLUTE
    .\Temp\7m_tl___trial\SCROLLBAR_GetValue.c 0x00000000   Number         0  SCROLLBAR_GetValue.o ABSOLUTE
    .\Temp\7m_tl___trial\SCROLLBAR_Skin.c    0x00000000   Number         0  SCROLLBAR_Skin.o ABSOLUTE
    .\Temp\7m_tl___trial\SCROLLBAR_SkinClassic.c 0x00000000   Number         0  SCROLLBAR_SkinClassic.o ABSOLUTE
    .\Temp\7m_tl___trial\SCROLLBAR_SkinFlex.c 0x00000000   Number         0  SCROLLBAR_SkinFlex.o ABSOLUTE
    .\Temp\7m_tl___trial\SLIDER.c            0x00000000   Number         0  SLIDER.o ABSOLUTE
    .\Temp\7m_tl___trial\SLIDER_CreateIndirect.c 0x00000000   Number         0  SLIDER_CreateIndirect.o ABSOLUTE
    .\Temp\7m_tl___trial\SLIDER_Skin.c       0x00000000   Number         0  SLIDER_Skin.o ABSOLUTE
    .\Temp\7m_tl___trial\SLIDER_SkinClassic.c 0x00000000   Number         0  SLIDER_SkinClassic.o ABSOLUTE
    .\Temp\7m_tl___trial\SLIDER_SkinFlex.c   0x00000000   Number         0  SLIDER_SkinFlex.o ABSOLUTE
    .\Temp\7m_tl___trial\TEXT.c              0x00000000   Number         0  TEXT.o ABSOLUTE
    .\Temp\7m_tl___trial\TEXT_CreateIndirect.c 0x00000000   Number         0  TEXT_CreateIndirect.o ABSOLUTE
    .\Temp\7m_tl___trial\TEXT_Default.c      0x00000000   Number         0  TEXT_Default.o ABSOLUTE
    .\Temp\7m_tl___trial\TEXT_SetFont.c      0x00000000   Number         0  TEXT_SetFont.o ABSOLUTE
    .\Temp\7m_tl___trial\TEXT_SetText.c      0x00000000   Number         0  TEXT_SetText.o ABSOLUTE
    .\Temp\7m_tl___trial\TEXT_SetTextAlign.c 0x00000000   Number         0  TEXT_SetTextAlign.o ABSOLUTE
    .\Temp\7m_tl___trial\TEXT_SetTextColor.c 0x00000000   Number         0  TEXT_SetTextColor.o ABSOLUTE
    .\Temp\7m_tl___trial\TEXT_SetWrapMode.c  0x00000000   Number         0  TEXT_SetWrapMode.o ABSOLUTE
    .\Temp\7m_tl___trial\TREEVIEW.c          0x00000000   Number         0  TREEVIEW.o ABSOLUTE
    .\Temp\7m_tl___trial\TREEVIEW_CreateIndirect.c 0x00000000   Number         0  TREEVIEW_CreateIndirect.o ABSOLUTE
    .\Temp\7m_tl___trial\TREEVIEW_Image.c    0x00000000   Number         0  TREEVIEW_Image.o ABSOLUTE
    .\Temp\7m_tl___trial\WIDGET.c            0x00000000   Number         0  WIDGET.o ABSOLUTE
    .\Temp\7m_tl___trial\WIDGET_Effect_3D.c  0x00000000   Number         0  WIDGET_Effect_3D.o ABSOLUTE
    .\Temp\7m_tl___trial\WIDGET_Effect_None.c 0x00000000   Number         0  WIDGET_Effect_None.o ABSOLUTE
    .\Temp\7m_tl___trial\WIDGET_Effect_Simple.c 0x00000000   Number         0  WIDGET_Effect_Simple.o ABSOLUTE
    .\Temp\7m_tl___trial\WIDGET_FillStringInRect.c 0x00000000   Number         0  WIDGET_FillStringInRect.o ABSOLUTE
    .\Temp\7m_tl___trial\WIDGET_SetEffect.c  0x00000000   Number         0  WIDGET_SetEffect.o ABSOLUTE
    .\Temp\7m_tl___trial\WM.c                0x00000000   Number         0  WM.o ABSOLUTE
    .\Temp\7m_tl___trial\WM_BringToBottom.c  0x00000000   Number         0  WM_BringToBottom.o ABSOLUTE
    .\Temp\7m_tl___trial\WM_BringToTop.c     0x00000000   Number         0  WM_BringToTop.o ABSOLUTE
    .\Temp\7m_tl___trial\WM_CheckScrollPos.c 0x00000000   Number         0  WM_CheckScrollPos.o ABSOLUTE
    .\Temp\7m_tl___trial\WM_CriticalHandle.c 0x00000000   Number         0  WM_CriticalHandle.o ABSOLUTE
    .\Temp\7m_tl___trial\WM_ForEachDesc.c    0x00000000   Number         0  WM_ForEachDesc.o ABSOLUTE
    .\Temp\7m_tl___trial\WM_GetBkColor.c     0x00000000   Number         0  WM_GetBkColor.o ABSOLUTE
    .\Temp\7m_tl___trial\WM_GetClientRect.c  0x00000000   Number         0  WM_GetClientRect.o ABSOLUTE
    .\Temp\7m_tl___trial\WM_GetClientWindow.c 0x00000000   Number         0  WM_GetClientWindow.o ABSOLUTE
    .\Temp\7m_tl___trial\WM_GetDesktopWindow.c 0x00000000   Number         0  WM_GetDesktopWindow.o ABSOLUTE
    .\Temp\7m_tl___trial\WM_GetDesktopWindowEx.c 0x00000000   Number         0  WM_GetDesktopWindowEx.o ABSOLUTE
    .\Temp\7m_tl___trial\WM_GetDialogItem.c  0x00000000   Number         0  WM_GetDialogItem.o ABSOLUTE
    .\Temp\7m_tl___trial\WM_GetFirstChild.c  0x00000000   Number         0  WM_GetFirstChild.o ABSOLUTE
    .\Temp\7m_tl___trial\WM_GetFlags.c       0x00000000   Number         0  WM_GetFlags.o ABSOLUTE
    .\Temp\7m_tl___trial\WM_GetFocussedWindow.c 0x00000000   Number         0  WM_GetFocussedWindow.o ABSOLUTE
    .\Temp\7m_tl___trial\WM_GetId.c          0x00000000   Number         0  WM_GetId.o ABSOLUTE
    .\Temp\7m_tl___trial\WM_GetInsideRect.c  0x00000000   Number         0  WM_GetInsideRect.o ABSOLUTE
    .\Temp\7m_tl___trial\WM_GetInsideRectExScrollbar.c 0x00000000   Number         0  WM_GetInsideRectExScrollbar.o ABSOLUTE
    .\Temp\7m_tl___trial\WM_GetNextSibling.c 0x00000000   Number         0  WM_GetNextSibling.o ABSOLUTE
    .\Temp\7m_tl___trial\WM_GetOrg.c         0x00000000   Number         0  WM_GetOrg.o ABSOLUTE
    .\Temp\7m_tl___trial\WM_GetParent.c      0x00000000   Number         0  WM_GetParent.o ABSOLUTE
    .\Temp\7m_tl___trial\WM_GetScrollPartner.c 0x00000000   Number         0  WM_GetScrollPartner.o ABSOLUTE
    .\Temp\7m_tl___trial\WM_GetScrollState.c 0x00000000   Number         0  WM_GetScrollState.o ABSOLUTE
    .\Temp\7m_tl___trial\WM_GetScrollbar.c   0x00000000   Number         0  WM_GetScrollbar.o ABSOLUTE
    .\Temp\7m_tl___trial\WM_GetWindowRect.c  0x00000000   Number         0  WM_GetWindowRect.o ABSOLUTE
    .\Temp\7m_tl___trial\WM_GetWindowSize.c  0x00000000   Number         0  WM_GetWindowSize.o ABSOLUTE
    .\Temp\7m_tl___trial\WM_HasCaptured.c    0x00000000   Number         0  WM_HasCaptured.o ABSOLUTE
    .\Temp\7m_tl___trial\WM_HasFocus.c       0x00000000   Number         0  WM_HasFocus.o ABSOLUTE
    .\Temp\7m_tl___trial\WM_Hide.c           0x00000000   Number         0  WM_Hide.o ABSOLUTE
    .\Temp\7m_tl___trial\WM_IsFocussable.c   0x00000000   Number         0  WM_IsFocussable.o ABSOLUTE
    .\Temp\7m_tl___trial\WM_IsVisible.c      0x00000000   Number         0  WM_IsVisible.o ABSOLUTE
    .\Temp\7m_tl___trial\WM_IsWindow.c       0x00000000   Number         0  WM_IsWindow.o ABSOLUTE
    .\Temp\7m_tl___trial\WM_MakeModal.c      0x00000000   Number         0  WM_MakeModal.o ABSOLUTE
    .\Temp\7m_tl___trial\WM_MemDev.c         0x00000000   Number         0  WM_MemDev.o ABSOLUTE
    .\Temp\7m_tl___trial\WM_Move.c           0x00000000   Number         0  WM_Move.o ABSOLUTE
    .\Temp\7m_tl___trial\WM_MoveChildTo.c    0x00000000   Number         0  WM_MoveChildTo.o ABSOLUTE
    .\Temp\7m_tl___trial\WM_NotifyParent.c   0x00000000   Number         0  WM_NotifyParent.o ABSOLUTE
    .\Temp\7m_tl___trial\WM_OnKey.c          0x00000000   Number         0  WM_OnKey.o ABSOLUTE
    .\Temp\7m_tl___trial\WM_PID__GetPrevState.c 0x00000000   Number         0  WM_PID__GetPrevState.o ABSOLUTE
    .\Temp\7m_tl___trial\WM_ResizeWindow.c   0x00000000   Number         0  WM_ResizeWindow.o ABSOLUTE
    .\Temp\7m_tl___trial\WM_Screen2Win.c     0x00000000   Number         0  WM_Screen2Win.o ABSOLUTE
    .\Temp\7m_tl___trial\WM_SendMessageNoPara.c 0x00000000   Number         0  WM_SendMessageNoPara.o ABSOLUTE
    .\Temp\7m_tl___trial\WM_SendToParent.c   0x00000000   Number         0  WM_SendToParent.o ABSOLUTE
    .\Temp\7m_tl___trial\WM_SetCallback.c    0x00000000   Number         0  WM_SetCallback.o ABSOLUTE
    .\Temp\7m_tl___trial\WM_SetCapture.c     0x00000000   Number         0  WM_SetCapture.o ABSOLUTE
    .\Temp\7m_tl___trial\WM_SetCaptureMove.c 0x00000000   Number         0  WM_SetCaptureMove.o ABSOLUTE
    .\Temp\7m_tl___trial\WM_SetCreateFlags.c 0x00000000   Number         0  WM_SetCreateFlags.o ABSOLUTE
    .\Temp\7m_tl___trial\WM_SetFocus.c       0x00000000   Number         0  WM_SetFocus.o ABSOLUTE
    .\Temp\7m_tl___trial\WM_SetFocusOnNextChild.c 0x00000000   Number         0  WM_SetFocusOnNextChild.o ABSOLUTE
    .\Temp\7m_tl___trial\WM_SetFocusOnPrevChild.c 0x00000000   Number         0  WM_SetFocusOnPrevChild.o ABSOLUTE
    .\Temp\7m_tl___trial\WM_SetScrollState.c 0x00000000   Number         0  WM_SetScrollState.o ABSOLUTE
    .\Temp\7m_tl___trial\WM_SetScrollbar.c   0x00000000   Number         0  WM_SetScrollbar.o ABSOLUTE
    .\Temp\7m_tl___trial\WM_SetSize.c        0x00000000   Number         0  WM_SetSize.o ABSOLUTE
    .\Temp\7m_tl___trial\WM_SetTrans.c       0x00000000   Number         0  WM_SetTrans.o ABSOLUTE
    .\Temp\7m_tl___trial\WM_SetUserClipRect.c 0x00000000   Number         0  WM_SetUserClipRect.o ABSOLUTE
    .\Temp\7m_tl___trial\WM_SetWindowPos.c   0x00000000   Number         0  WM_SetWindowPos.o ABSOLUTE
    .\Temp\7m_tl___trial\WM_Show.c           0x00000000   Number         0  WM_Show.o ABSOLUTE
    .\Temp\7m_tl___trial\WM_Timer.c          0x00000000   Number         0  WM_Timer.o ABSOLUTE
    .\Temp\7m_tl___trial\WM_Touch.c          0x00000000   Number         0  WM_Touch.o ABSOLUTE
    .\Temp\7m_tl___trial\WM_UserData.c       0x00000000   Number         0  WM_UserData.o ABSOLUTE
    .\Temp\7m_tl___trial\WM_ValidateWindow.c 0x00000000   Number         0  WM_ValidateWindow.o ABSOLUTE
    .\Temp\7m_tl___trial\WM__ForEachDesc.c   0x00000000   Number         0  WM__ForEachDesc.o ABSOLUTE
    .\Temp\7m_tl___trial\WM__GetFirstSibling.c 0x00000000   Number         0  WM__GetFirstSibling.o ABSOLUTE
    .\Temp\7m_tl___trial\WM__GetFocussedChild.c 0x00000000   Number         0  WM__GetFocussedChild.o ABSOLUTE
    .\Temp\7m_tl___trial\WM__GetLastSibling.c 0x00000000   Number         0  WM__GetLastSibling.o ABSOLUTE
    .\Temp\7m_tl___trial\WM__GetOrg_AA.c     0x00000000   Number         0  WM__GetOrg_AA.o ABSOLUTE
    .\Temp\7m_tl___trial\WM__GetPrevSibling.c 0x00000000   Number         0  WM__GetPrevSibling.o ABSOLUTE
    .\Temp\7m_tl___trial\WM__IsAncestor.c    0x00000000   Number         0  WM__IsAncestor.o ABSOLUTE
    .\Temp\7m_tl___trial\WM__IsChild.c       0x00000000   Number         0  WM__IsChild.o ABSOLUTE
    .\Temp\7m_tl___trial\WM__IsEnabled.c     0x00000000   Number         0  WM__IsEnabled.o ABSOLUTE
    .\Temp\7m_tl___trial\WM__Screen2Client.c 0x00000000   Number         0  WM__Screen2Client.o ABSOLUTE
    .\Temp\7m_tl___trial\WM__SendMessage.c   0x00000000   Number         0  WM__SendMessage.o ABSOLUTE
    .\Temp\7m_tl___trial\WM__SendMessageIfEnabled.c 0x00000000   Number         0  WM__SendMessageIfEnabled.o ABSOLUTE
    .\Temp\7m_tl___trial\WM__SendMessageNoPara.c 0x00000000   Number         0  WM__SendMessageNoPara.o ABSOLUTE
    .\Temp\7m_tl___trial\WM__UpdateChildPositions.c 0x00000000   Number         0  WM__UpdateChildPositions.o ABSOLUTE
    cdcmple.s                                0x00000000   Number         0  cdcmple.o ABSOLUTE
    cdrcmple.s                               0x00000000   Number         0  cdrcmple.o ABSOLUTE
    cfcmple.s                                0x00000000   Number         0  cfcmple.o ABSOLUTE
    cfrcmple.s                               0x00000000   Number         0  cfrcmple.o ABSOLUTE
    dc.s                                     0x00000000   Number         0  dc.o ABSOLUTE
    handlers.s                               0x00000000   Number         0  handlers.o ABSOLUTE
    init.s                                   0x00000000   Number         0  init.o ABSOLUTE
    RESET                                    0x08000000   Section      392  startup_stm32f4xx.o(RESET)
    .ARM.Collect$$$$00000000                 0x08000188   Section        0  entry.o(.ARM.Collect$$$$00000000)
    .ARM.Collect$$$$00000001                 0x08000188   Section        4  entry2.o(.ARM.Collect$$$$00000001)
    .ARM.Collect$$$$00000004                 0x0800018c   Section        4  entry5.o(.ARM.Collect$$$$00000004)
    .ARM.Collect$$$$00000008                 0x08000190   Section        0  entry7b.o(.ARM.Collect$$$$00000008)
    .ARM.Collect$$$$00000009                 0x08000190   Section        8  entry8.o(.ARM.Collect$$$$00000009)
    .ARM.Collect$$$$00002712                 0x08000198   Section        4  entry2.o(.ARM.Collect$$$$00002712)
    __lit__00000000                          0x08000198   Data           4  entry2.o(.ARM.Collect$$$$00002712)
    .text                                    0x0800019c   Section       36  startup_stm32f4xx.o(.text)
    .text                                    0x080001c0   Section      164  os_cpu_a.o(.text)
    .text                                    0x08000264   Section        0  dflti.o(.text)
    .text                                    0x08000288   Section       40  cdcmple.o(.text)
    .text                                    0x080002b0   Section        0  llshl.o(.text)
    .text                                    0x080002ce   Section        0  llushr.o(.text)
    .text                                    0x080002ee   Section        0  iusefp.o(.text)
    .text                                    0x080002ee   Section        0  depilogue.o(.text)
    .text                                    0x080003ac   Section       36  init.o(.text)
    i.App_TaskStart                          0x080003d0   Section        0  main.o(i.App_TaskStart)
    App_TaskStart                            0x080003d1   Thumb Code    56  main.o(i.App_TaskStart)
    i.App_Task_ACTION                        0x08000420   Section        0  main.o(i.App_Task_ACTION)
    App_Task_ACTION                          0x08000421   Thumb Code   106  main.o(i.App_Task_ACTION)
    i.App_Task_LED1                          0x08000498   Section        0  main.o(i.App_Task_LED1)
    App_Task_LED1                            0x08000499   Thumb Code    68  main.o(i.App_Task_LED1)
    i.App_Task_NRF24L01                      0x080004e0   Section        0  main.o(i.App_Task_NRF24L01)
    App_Task_NRF24L01                        0x080004e1   Thumb Code   102  main.o(i.App_Task_NRF24L01)
    i.BSP_CPU_ClkFreq                        0x08000554   Section        0  bsp.o(i.BSP_CPU_ClkFreq)
    i.BSP_Init                               0x08000562   Section        0  bsp.o(i.BSP_Init)
    i.BusFault_Handler                       0x08000572   Section        0  stm32f4xx_it.o(i.BusFault_Handler)
    i.Close_All_TIM                          0x08000578   Section        0  pwm.o(i.Close_All_TIM)
    i.DebugMon_Handler                       0x080005b8   Section        0  stm32f4xx_it.o(i.DebugMon_Handler)
    i.EXTI_Config                            0x080005ba   Section        0  bsp.o(i.EXTI_Config)
    i.GPIO_Configuration                     0x080005bc   Section        0  bsp.o(i.GPIO_Configuration)
    i.GPIO_Init                              0x080005be   Section        0  stm32f4xx_gpio.o(i.GPIO_Init)
    i.GPIO_PinAFConfig                       0x0800064e   Section        0  stm32f4xx_gpio.o(i.GPIO_PinAFConfig)
    i.GPIO_ResetBits                         0x08000694   Section        0  stm32f4xx_gpio.o(i.GPIO_ResetBits)
    i.GPIO_SetBits                           0x08000698   Section        0  stm32f4xx_gpio.o(i.GPIO_SetBits)
    i.Go_straight                            0x0800069c   Section        0  control.o(i.Go_straight)
    i.HardFault_Handler                      0x0800071a   Section        0  stm32f4xx_it.o(i.HardFault_Handler)
    i.LED_Init                               0x08000720   Section        0  led.o(i.LED_Init)
    i.MemManage_Handler                      0x08000760   Section        0  stm32f4xx_it.o(i.MemManage_Handler)
    i.NMI_Handler                            0x08000764   Section        0  stm32f4xx_it.o(i.NMI_Handler)
    i.NRF24L01_Check                         0x08000768   Section        0  24l01.o(i.NRF24L01_Check)
    i.NRF24L01_Init                          0x080007b8   Section        0  24l01.o(i.NRF24L01_Init)
    i.NRF24L01_Read_Buf                      0x08000858   Section        0  24l01.o(i.NRF24L01_Read_Buf)
    i.NRF24L01_Read_Reg                      0x08000898   Section        0  24l01.o(i.NRF24L01_Read_Reg)
    i.NRF24L01_RxPacket                      0x080008c4   Section        0  24l01.o(i.NRF24L01_RxPacket)
    i.NRF24L01_Write_Buf                     0x08000900   Section        0  24l01.o(i.NRF24L01_Write_Buf)
    i.NRF24L01_Write_Reg                     0x08000940   Section        0  24l01.o(i.NRF24L01_Write_Reg)
    i.NVIC_Configuration                     0x0800096c   Section        0  bsp.o(i.NVIC_Configuration)
    i.OSEventNameSet                         0x08000970   Section        0  os_core.o(i.OSEventNameSet)
    i.OSInit                                 0x080009d8   Section        0  os_core.o(i.OSInit)
    i.OSInitHookBegin                        0x08000a0c   Section        0  os_cpu_c.o(i.OSInitHookBegin)
    i.OSInitHookEnd                          0x08000a3c   Section        0  os_cpu_c.o(i.OSInitHookEnd)
    i.OSIntExit                              0x08000a40   Section        0  os_core.o(i.OSIntExit)
    i.OSSchedLock                            0x08000ad0   Section        0  os_core.o(i.OSSchedLock)
    i.OSSchedUnlock                          0x08000b10   Section        0  os_core.o(i.OSSchedUnlock)
    i.OSSemCreate                            0x08000b70   Section        0  os_sem.o(i.OSSemCreate)
    i.OSSemPend                              0x08000bc4   Section        0  os_sem.o(i.OSSemPend)
    i.OSSemPost                              0x08000cbc   Section        0  os_sem.o(i.OSSemPost)
    i.OSStart                                0x08000d1c   Section        0  os_core.o(i.OSStart)
    i.OSTCBInitHook                          0x08000d64   Section        0  os_cpu_c.o(i.OSTCBInitHook)
    i.OSTaskCreate                           0x08000d68   Section        0  os_task.o(i.OSTaskCreate)
    i.OSTaskCreateExt                        0x08000e10   Section        0  os_task.o(i.OSTaskCreateExt)
    i.OSTaskCreateHook                       0x08000ed0   Section        0  os_cpu_c.o(i.OSTaskCreateHook)
    i.OSTaskDel                              0x08000ed4   Section        0  os_task.o(i.OSTaskDel)
    i.OSTaskDelHook                          0x08001048   Section        0  os_cpu_c.o(i.OSTaskDelHook)
    i.OSTaskIdleHook                         0x0800104a   Section        0  os_cpu_c.o(i.OSTaskIdleHook)
    i.OSTaskNameSet                          0x0800104c   Section        0  os_task.o(i.OSTaskNameSet)
    i.OSTaskReturnHook                       0x080010d0   Section        0  os_cpu_c.o(i.OSTaskReturnHook)
    i.OSTaskStatHook                         0x080010d2   Section        0  os_cpu_c.o(i.OSTaskStatHook)
    i.OSTaskStkChk                           0x080010d4   Section        0  os_task.o(i.OSTaskStkChk)
    i.OSTaskStkInit                          0x08001174   Section        0  os_cpu_c.o(i.OSTaskStkInit)
    i.OSTaskSuspend                          0x08001210   Section        0  os_task.o(i.OSTaskSuspend)
    i.OSTaskSwHook                           0x080012d4   Section        0  os_cpu_c.o(i.OSTaskSwHook)
    i.OSTimeDly                              0x080012d8   Section        0  os_time.o(i.OSTimeDly)
    i.OSTimeDlyHMSM                          0x08001358   Section        0  os_time.o(i.OSTimeDlyHMSM)
    i.OSTimeTick                             0x080013e0   Section        0  os_core.o(i.OSTimeTick)
    i.OSTimeTickHook                         0x080014d4   Section        0  os_cpu_c.o(i.OSTimeTickHook)
    i.OSTmrSignal                            0x080014f8   Section        0  os_tmr.o(i.OSTmrSignal)
    i.OSTmr_Init                             0x0800150c   Section        0  os_tmr.o(i.OSTmr_Init)
    i.OSTmr_InitTask                         0x08001600   Section        0  os_tmr.o(i.OSTmr_InitTask)
    OSTmr_InitTask                           0x08001601   Thumb Code    50  os_tmr.o(i.OSTmr_InitTask)
    i.OSTmr_Link                             0x08001650   Section        0  os_tmr.o(i.OSTmr_Link)
    OSTmr_Link                               0x08001651   Thumb Code   100  os_tmr.o(i.OSTmr_Link)
    i.OSTmr_Task                             0x080016bc   Section        0  os_tmr.o(i.OSTmr_Task)
    OSTmr_Task                               0x080016bd   Thumb Code   114  os_tmr.o(i.OSTmr_Task)
    i.OSTmr_Unlink                           0x0800173c   Section        0  os_tmr.o(i.OSTmr_Unlink)
    OSTmr_Unlink                             0x0800173d   Thumb Code    62  os_tmr.o(i.OSTmr_Unlink)
    i.OS_CPU_SysTickClkFreq                  0x08001780   Section        0  bsp.o(i.OS_CPU_SysTickClkFreq)
    i.OS_CPU_SysTickInit                     0x0800178c   Section        0  os_cpu_c.o(i.OS_CPU_SysTickInit)
    i.OS_Dummy                               0x080017f0   Section        0  os_core.o(i.OS_Dummy)
    i.OS_EventTaskRdy                        0x080017f4   Section        0  os_core.o(i.OS_EventTaskRdy)
    i.OS_EventTaskRemove                     0x08001890   Section        0  os_core.o(i.OS_EventTaskRemove)
    i.OS_EventTaskRemoveMulti                0x080018c2   Section        0  os_core.o(i.OS_EventTaskRemoveMulti)
    i.OS_EventTaskWait                       0x08001914   Section        0  os_core.o(i.OS_EventTaskWait)
    i.OS_EventWaitListInit                   0x08001998   Section        0  os_core.o(i.OS_EventWaitListInit)
    i.OS_FlagInit                            0x080019b4   Section        0  os_flag.o(i.OS_FlagInit)
    i.OS_FlagUnlink                          0x08001a0c   Section        0  os_flag.o(i.OS_FlagUnlink)
    i.OS_InitEventList                       0x08001a30   Section        0  os_core.o(i.OS_InitEventList)
    OS_InitEventList                         0x08001a31   Thumb Code    82  os_core.o(i.OS_InitEventList)
    i.OS_InitMisc                            0x08001a90   Section        0  os_core.o(i.OS_InitMisc)
    OS_InitMisc                              0x08001a91   Thumb Code    44  os_core.o(i.OS_InitMisc)
    i.OS_InitRdyList                         0x08001ae4   Section        0  os_core.o(i.OS_InitRdyList)
    OS_InitRdyList                           0x08001ae5   Thumb Code    44  os_core.o(i.OS_InitRdyList)
    i.OS_InitTCBList                         0x08001b28   Section        0  os_core.o(i.OS_InitTCBList)
    OS_InitTCBList                           0x08001b29   Thumb Code   106  os_core.o(i.OS_InitTCBList)
    i.OS_InitTaskIdle                        0x08001ba8   Section        0  os_core.o(i.OS_InitTaskIdle)
    OS_InitTaskIdle                          0x08001ba9   Thumb Code    50  os_core.o(i.OS_InitTaskIdle)
    i.OS_InitTaskStat                        0x08001bf8   Section        0  os_core.o(i.OS_InitTaskStat)
    OS_InitTaskStat                          0x08001bf9   Thumb Code    50  os_core.o(i.OS_InitTaskStat)
    i.OS_MemClr                              0x08001c48   Section        0  os_core.o(i.OS_MemClr)
    i.OS_MemInit                             0x08001c5c   Section        0  os_mem.o(i.OS_MemInit)
    i.OS_QInit                               0x08001cb4   Section        0  os_q.o(i.OS_QInit)
    i.OS_Sched                               0x08001d04   Section        0  os_core.o(i.OS_Sched)
    i.OS_SchedNew                            0x08001d78   Section        0  os_core.o(i.OS_SchedNew)
    OS_SchedNew                              0x08001d79   Thumb Code    26  os_core.o(i.OS_SchedNew)
    i.OS_TCBInit                             0x08001da4   Section        0  os_core.o(i.OS_TCBInit)
    i.OS_TaskIdle                            0x08001ee8   Section        0  os_core.o(i.OS_TaskIdle)
    i.OS_TaskReturn                          0x08001f10   Section        0  os_task.o(i.OS_TaskReturn)
    i.OS_TaskStat                            0x08001f28   Section        0  os_core.o(i.OS_TaskStat)
    i.OS_TaskStatStkChk                      0x08001fb0   Section        0  os_core.o(i.OS_TaskStatStkChk)
    i.OS_TaskStkClr                          0x08001fec   Section        0  os_task.o(i.OS_TaskStkClr)
    i.Open_All_TIM                           0x08002008   Section        0  pwm.o(i.Open_All_TIM)
    i.Pace_135_246_Motor3                    0x08002044   Section        0  control.o(i.Pace_135_246_Motor3)
    i.Pace_135_Motor2                        0x080020fc   Section        0  control.o(i.Pace_135_Motor2)
    i.Pace_135_Motor3                        0x08002194   Section        0  control.o(i.Pace_135_Motor3)
    i.Pace_135_Motor3_Different              0x08002228   Section        0  control.o(i.Pace_135_Motor3_Different)
    i.Pace_246_Motor2                        0x080022b8   Section        0  control.o(i.Pace_246_Motor2)
    i.Pace_246_Motor3                        0x08002350   Section        0  control.o(i.Pace_246_Motor3)
    i.Pace_246_Motor3_Different              0x080023e8   Section        0  control.o(i.Pace_246_Motor3_Different)
    i.RCC_AHB1PeriphClockCmd                 0x0800247c   Section        0  stm32f4xx_rcc.o(i.RCC_AHB1PeriphClockCmd)
    i.RCC_APB1PeriphClockCmd                 0x0800249c   Section        0  stm32f4xx_rcc.o(i.RCC_APB1PeriphClockCmd)
    i.RCC_APB1PeriphResetCmd                 0x080024bc   Section        0  stm32f4xx_rcc.o(i.RCC_APB1PeriphResetCmd)
    i.RCC_APB2PeriphClockCmd                 0x080024dc   Section        0  stm32f4xx_rcc.o(i.RCC_APB2PeriphClockCmd)
    i.RCC_APB2PeriphResetCmd                 0x080024fc   Section        0  stm32f4xx_rcc.o(i.RCC_APB2PeriphResetCmd)
    i.RCC_GetClocksFreq                      0x0800251c   Section        0  stm32f4xx_rcc.o(i.RCC_GetClocksFreq)
    i.RX_Mode                                0x08002604   Section        0  24l01.o(i.RX_Mode)
    i.SPI1_Init                              0x0800265c   Section        0  spi.o(i.SPI1_Init)
    i.SPI1_ReadWriteByte                     0x08002708   Section        0  spi.o(i.SPI1_ReadWriteByte)
    i.SPI1_SetSpeed                          0x0800275c   Section        0  spi.o(i.SPI1_SetSpeed)
    i.SPI_Cmd                                0x08002780   Section        0  stm32f4xx_spi.o(i.SPI_Cmd)
    i.SPI_I2S_DeInit                         0x08002798   Section        0  stm32f4xx_spi.o(i.SPI_I2S_DeInit)
    i.SPI_I2S_GetFlagStatus                  0x080027f0   Section        0  stm32f4xx_spi.o(i.SPI_I2S_GetFlagStatus)
    i.SPI_I2S_ReceiveData                    0x08002802   Section        0  stm32f4xx_spi.o(i.SPI_I2S_ReceiveData)
    i.SPI_I2S_SendData                       0x08002808   Section        0  stm32f4xx_spi.o(i.SPI_I2S_SendData)
    i.SPI_Init                               0x0800280c   Section        0  stm32f4xx_spi.o(i.SPI_Init)
    i.SVC_Handler                            0x08002848   Section        0  stm32f4xx_it.o(i.SVC_Handler)
    i.SetSysClock                            0x0800284c   Section        0  system_stm32f4xx.o(i.SetSysClock)
    SetSysClock                              0x0800284d   Thumb Code   198  system_stm32f4xx.o(i.SetSysClock)
    i.Sit_Down                               0x08002924   Section        0  control.o(i.Sit_Down)
    i.Stamp                                  0x080029fc   Section        0  control.o(i.Stamp)
    i.Stand_Up                               0x08002a50   Section        0  control.o(i.Stand_Up)
    i.SysTick_Handler                        0x08002b70   Section        0  stm32f4xx_it.o(i.SysTick_Handler)
    i.SystemInit                             0x08002b9c   Section        0  system_stm32f4xx.o(i.SystemInit)
    i.TIM1_Config                            0x08002bf8   Section        0  pwm.o(i.TIM1_Config)
    i.TIM1_Init                              0x08002c60   Section        0  pwm.o(i.TIM1_Init)
    i.TIM2_Config                            0x08002d74   Section        0  pwm.o(i.TIM2_Config)
    i.TIM2_Init                              0x08002dc8   Section        0  pwm.o(i.TIM2_Init)
    i.TIM3_Config                            0x08002eac   Section        0  pwm.o(i.TIM3_Config)
    i.TIM3_Init                              0x08002f14   Section        0  pwm.o(i.TIM3_Init)
    i.TIM4_Config                            0x08002ff0   Section        0  pwm.o(i.TIM4_Config)
    i.TIM4_Init                              0x08003058   Section        0  pwm.o(i.TIM4_Init)
    i.TIM5_Config                            0x08003134   Section        0  pwm.o(i.TIM5_Config)
    i.TIM5_Init                              0x08003198   Section        0  pwm.o(i.TIM5_Init)
    i.TIM_ARRPreloadConfig                   0x08003274   Section        0  stm32f4xx_tim.o(i.TIM_ARRPreloadConfig)
    i.TIM_BDTRConfig                         0x0800328c   Section        0  stm32f4xx_tim.o(i.TIM_BDTRConfig)
    i.TIM_Cmd                                0x080032ac   Section        0  stm32f4xx_tim.o(i.TIM_Cmd)
    i.TIM_CtrlPWMOutputs                     0x080032c4   Section        0  stm32f4xx_tim.o(i.TIM_CtrlPWMOutputs)
    i.TIM_Init                               0x080032e2   Section        0  pwm.o(i.TIM_Init)
    i.TIM_OC1Init                            0x080032fc   Section        0  stm32f4xx_tim.o(i.TIM_OC1Init)
    i.TIM_OC1PreloadConfig                   0x08003378   Section        0  stm32f4xx_tim.o(i.TIM_OC1PreloadConfig)
    i.TIM_OC2Init                            0x0800338c   Section        0  stm32f4xx_tim.o(i.TIM_OC2Init)
    i.TIM_OC2PreloadConfig                   0x08003428   Section        0  stm32f4xx_tim.o(i.TIM_OC2PreloadConfig)
    i.TIM_OC3Init                            0x08003440   Section        0  stm32f4xx_tim.o(i.TIM_OC3Init)
    i.TIM_OC3PreloadConfig                   0x080034d8   Section        0  stm32f4xx_tim.o(i.TIM_OC3PreloadConfig)
    i.TIM_OC4Init                            0x080034ec   Section        0  stm32f4xx_tim.o(i.TIM_OC4Init)
    i.TIM_OC4PreloadConfig                   0x0800355c   Section        0  stm32f4xx_tim.o(i.TIM_OC4PreloadConfig)
    i.TIM_SetCompare1                        0x08003572   Section        0  stm32f4xx_tim.o(i.TIM_SetCompare1)
    i.TIM_SetCompare2                        0x08003576   Section        0  stm32f4xx_tim.o(i.TIM_SetCompare2)
    i.TIM_SetCompare3                        0x0800357a   Section        0  stm32f4xx_tim.o(i.TIM_SetCompare3)
    i.TIM_SetCompare4                        0x0800357e   Section        0  stm32f4xx_tim.o(i.TIM_SetCompare4)
    i.TIM_TimeBaseInit                       0x08003584   Section        0  stm32f4xx_tim.o(i.TIM_TimeBaseInit)
    i.TimeTick_Decrement                     0x08003608   Section        0  delay.o(i.TimeTick_Decrement)
    i.Turn                                   0x08003620   Section        0  control.o(i.Turn)
    i.UsageFault_Handler                     0x08003680   Section        0  stm32f4xx_it.o(i.UsageFault_Handler)
    i.__scatterload_copy                     0x08003684   Section       14  handlers.o(i.__scatterload_copy)
    i.__scatterload_null                     0x08003692   Section        2  handlers.o(i.__scatterload_null)
    i.__scatterload_zeroinit                 0x08003694   Section       14  handlers.o(i.__scatterload_zeroinit)
    i.main                                   0x080036a4   Section        0  main.o(i.main)
    .constdata                               0x08003710   Section       10  24l01.o(.constdata)
    .constdata                               0x0800371a   Section      256  os_core.o(.constdata)
    .data                                    0x20000000   Section        2  main.o(.data)
    cmd                                      0x20000001   Data           1  main.o(.data)
    .data                                    0x20000004   Section        4  delay.o(.data)
    TimingDelay                              0x20000004   Data           4  delay.o(.data)
    .data                                    0x20000008   Section      104  control.o(.data)
    .data                                    0x20000070   Section       10  pwm.o(.data)
    .data                                    0x2000007a   Section       16  stm32f4xx_rcc.o(.data)
    APBAHBPrescTable                         0x2000007a   Data          16  stm32f4xx_rcc.o(.data)
    .data                                    0x2000008c   Section       20  system_stm32f4xx.o(.data)
    .data                                    0x200000a0   Section        6  os_cpu_c.o(.data)
    OSTmrCtr                                 0x200000a4   Data           2  os_cpu_c.o(.data)
    .data                                    0x200000a8   Section       96  os_core.o(.data)
    .bss                                     0x20000108   Section    14369  main.o(.bss)
    App_TaskStartStk                         0x20000108   Data        2048  main.o(.bss)
    App_LED1Stk                              0x20000908   Data        4096  main.o(.bss)
    App_NRF24L01Stk                          0x20001908   Data        4096  main.o(.bss)
    App_LED3Stk                              0x20002908   Data        4096  main.o(.bss)
    .bss                                     0x2000392c   Section       46  pwm.o(.bss)
    .bss                                     0x2000395a   Section       18  spi.o(.bss)
    .bss                                     0x2000396c   Section      512  os_cpu_c.o(.bss)
    .bss                                     0x20003b6c   Section     4968  os_core.o(.bss)
    STACK                                    0x20004ed8   Section     1024  startup_stm32f4xx.o(STACK)

    Global Symbols

    Symbol Name                              Value     Ov Type        Size  Object(Section)

    BuildAttributes$$THM_ISAv4$E$P$D$K$B$S$7EM$PE$A:L22UL41UL21$X:L11$S22US41US21$IEEE1$IW$USESV6$~STKCKD$USESV7$~SHL$OTIME$ROPI$IEEEJ$EBA8$MICROLIB$REQ8$PRES8$EABIv2 0x00000000   Number         0  anon$$obj.o ABSOLUTE
    __ARM_use_no_argv                        0x00000000   Number         0  main.o ABSOLUTE
    _printf_a                                0x00000000   Number         0  stubs.o ABSOLUTE
    _printf_c                                0x00000000   Number         0  stubs.o ABSOLUTE
    _printf_charcount                        0x00000000   Number         0  stubs.o ABSOLUTE
    _printf_d                                0x00000000   Number         0  stubs.o ABSOLUTE
    _printf_e                                0x00000000   Number         0  stubs.o ABSOLUTE
    _printf_f                                0x00000000   Number         0  stubs.o ABSOLUTE
    _printf_flags                            0x00000000   Number         0  stubs.o ABSOLUTE
    _printf_fp_dec                           0x00000000   Number         0  stubs.o ABSOLUTE
    _printf_fp_hex                           0x00000000   Number         0  stubs.o ABSOLUTE
    _printf_g                                0x00000000   Number         0  stubs.o ABSOLUTE
    _printf_i                                0x00000000   Number         0  stubs.o ABSOLUTE
    _printf_int_dec                          0x00000000   Number         0  stubs.o ABSOLUTE
    _printf_l                                0x00000000   Number         0  stubs.o ABSOLUTE
    _printf_lc                               0x00000000   Number         0  stubs.o ABSOLUTE
    _printf_ll                               0x00000000   Number         0  stubs.o ABSOLUTE
    _printf_lld                              0x00000000   Number         0  stubs.o ABSOLUTE
    _printf_lli                              0x00000000   Number         0  stubs.o ABSOLUTE
    _printf_llo                              0x00000000   Number         0  stubs.o ABSOLUTE
    _printf_llu                              0x00000000   Number         0  stubs.o ABSOLUTE
    _printf_llx                              0x00000000   Number         0  stubs.o ABSOLUTE
    _printf_longlong_dec                     0x00000000   Number         0  stubs.o ABSOLUTE
    _printf_longlong_hex                     0x00000000   Number         0  stubs.o ABSOLUTE
    _printf_longlong_oct                     0x00000000   Number         0  stubs.o ABSOLUTE
    _printf_ls                               0x00000000   Number         0  stubs.o ABSOLUTE
    _printf_mbtowc                           0x00000000   Number         0  stubs.o ABSOLUTE
    _printf_n                                0x00000000   Number         0  stubs.o ABSOLUTE
    _printf_o                                0x00000000   Number         0  stubs.o ABSOLUTE
    _printf_p                                0x00000000   Number         0  stubs.o ABSOLUTE
    _printf_percent                          0x00000000   Number         0  stubs.o ABSOLUTE
    _printf_pre_padding                      0x00000000   Number         0  stubs.o ABSOLUTE
    _printf_return_value                     0x00000000   Number         0  stubs.o ABSOLUTE
    _printf_s                                0x00000000   Number         0  stubs.o ABSOLUTE
    _printf_sizespec                         0x00000000   Number         0  stubs.o ABSOLUTE
    _printf_str                              0x00000000   Number         0  stubs.o ABSOLUTE
    _printf_truncate_signed                  0x00000000   Number         0  stubs.o ABSOLUTE
    _printf_truncate_unsigned                0x00000000   Number         0  stubs.o ABSOLUTE
    _printf_u                                0x00000000   Number         0  stubs.o ABSOLUTE
    _printf_wc                               0x00000000   Number         0  stubs.o ABSOLUTE
    _printf_wctomb                           0x00000000   Number         0  stubs.o ABSOLUTE
    _printf_widthprec                        0x00000000   Number         0  stubs.o ABSOLUTE
    _printf_x                                0x00000000   Number         0  stubs.o ABSOLUTE
    __decompress                              - Undefined Weak Reference
    _clock_init                               - Undefined Weak Reference
    __Vectors_Size                           0x00000188   Number         0  startup_stm32f4xx.o ABSOLUTE
    __Vectors                                0x08000000   Data           4  startup_stm32f4xx.o(RESET)
    __Vectors_End                            0x08000188   Data           0  startup_stm32f4xx.o(RESET)
    __main                                   0x08000189   Thumb Code     0  entry.o(.ARM.Collect$$$$00000000)
    _main_stk                                0x08000189   Thumb Code     0  entry2.o(.ARM.Collect$$$$00000001)
    _main_scatterload                        0x0800018d   Thumb Code     0  entry5.o(.ARM.Collect$$$$00000004)
    __main_after_scatterload                 0x08000191   Thumb Code     0  entry5.o(.ARM.Collect$$$$00000004)
    _main_clock                              0x08000191   Thumb Code     0  entry7b.o(.ARM.Collect$$$$00000008)
    _main_init                               0x08000191   Thumb Code     0  entry8.o(.ARM.Collect$$$$00000009)
    Reset_Handler                            0x0800019d   Thumb Code     8  startup_stm32f4xx.o(.text)
    ADC_IRQHandler                           0x080001b7   Thumb Code     0  startup_stm32f4xx.o(.text)
    CAN1_RX0_IRQHandler                      0x080001b7   Thumb Code     0  startup_stm32f4xx.o(.text)
    CAN1_RX1_IRQHandler                      0x080001b7   Thumb Code     0  startup_stm32f4xx.o(.text)
    CAN1_SCE_IRQHandler                      0x080001b7   Thumb Code     0  startup_stm32f4xx.o(.text)
    CAN1_TX_IRQHandler                       0x080001b7   Thumb Code     0  startup_stm32f4xx.o(.text)
    CAN2_RX0_IRQHandler                      0x080001b7   Thumb Code     0  startup_stm32f4xx.o(.text)
    CAN2_RX1_IRQHandler                      0x080001b7   Thumb Code     0  startup_stm32f4xx.o(.text)
    CAN2_SCE_IRQHandler                      0x080001b7   Thumb Code     0  startup_stm32f4xx.o(.text)
    CAN2_TX_IRQHandler                       0x080001b7   Thumb Code     0  startup_stm32f4xx.o(.text)
    CRYP_IRQHandler                          0x080001b7   Thumb Code     0  startup_stm32f4xx.o(.text)
    DCMI_IRQHandler                          0x080001b7   Thumb Code     0  startup_stm32f4xx.o(.text)
    DMA1_Stream0_IRQHandler                  0x080001b7   Thumb Code     0  startup_stm32f4xx.o(.text)
    DMA1_Stream1_IRQHandler                  0x080001b7   Thumb Code     0  startup_stm32f4xx.o(.text)
    DMA1_Stream2_IRQHandler                  0x080001b7   Thumb Code     0  startup_stm32f4xx.o(.text)
    DMA1_Stream3_IRQHandler                  0x080001b7   Thumb Code     0  startup_stm32f4xx.o(.text)
    DMA1_Stream4_IRQHandler                  0x080001b7   Thumb Code     0  startup_stm32f4xx.o(.text)
    DMA1_Stream5_IRQHandler                  0x080001b7   Thumb Code     0  startup_stm32f4xx.o(.text)
    DMA1_Stream6_IRQHandler                  0x080001b7   Thumb Code     0  startup_stm32f4xx.o(.text)
    DMA1_Stream7_IRQHandler                  0x080001b7   Thumb Code     0  startup_stm32f4xx.o(.text)
    DMA2_Stream0_IRQHandler                  0x080001b7   Thumb Code     0  startup_stm32f4xx.o(.text)
    DMA2_Stream1_IRQHandler                  0x080001b7   Thumb Code     0  startup_stm32f4xx.o(.text)
    DMA2_Stream2_IRQHandler                  0x080001b7   Thumb Code     0  startup_stm32f4xx.o(.text)
    DMA2_Stream3_IRQHandler                  0x080001b7   Thumb Code     0  startup_stm32f4xx.o(.text)
    DMA2_Stream4_IRQHandler                  0x080001b7   Thumb Code     0  startup_stm32f4xx.o(.text)
    DMA2_Stream5_IRQHandler                  0x080001b7   Thumb Code     0  startup_stm32f4xx.o(.text)
    DMA2_Stream6_IRQHandler                  0x080001b7   Thumb Code     0  startup_stm32f4xx.o(.text)
    DMA2_Stream7_IRQHandler                  0x080001b7   Thumb Code     0  startup_stm32f4xx.o(.text)
    ETH_IRQHandler                           0x080001b7   Thumb Code     0  startup_stm32f4xx.o(.text)
    ETH_WKUP_IRQHandler                      0x080001b7   Thumb Code     0  startup_stm32f4xx.o(.text)
    EXTI0_IRQHandler                         0x080001b7   Thumb Code     0  startup_stm32f4xx.o(.text)
    EXTI15_10_IRQHandler                     0x080001b7   Thumb Code     0  startup_stm32f4xx.o(.text)
    EXTI1_IRQHandler                         0x080001b7   Thumb Code     0  startup_stm32f4xx.o(.text)
    EXTI2_IRQHandler                         0x080001b7   Thumb Code     0  startup_stm32f4xx.o(.text)
    EXTI3_IRQHandler                         0x080001b7   Thumb Code     0  startup_stm32f4xx.o(.text)
    EXTI4_IRQHandler                         0x080001b7   Thumb Code     0  startup_stm32f4xx.o(.text)
    EXTI9_5_IRQHandler                       0x080001b7   Thumb Code     0  startup_stm32f4xx.o(.text)
    FLASH_IRQHandler                         0x080001b7   Thumb Code     0  startup_stm32f4xx.o(.text)
    FPU_IRQHandler                           0x080001b7   Thumb Code     0  startup_stm32f4xx.o(.text)
    FSMC_IRQHandler                          0x080001b7   Thumb Code     0  startup_stm32f4xx.o(.text)
    HASH_RNG_IRQHandler                      0x080001b7   Thumb Code     0  startup_stm32f4xx.o(.text)
    I2C1_ER_IRQHandler                       0x080001b7   Thumb Code     0  startup_stm32f4xx.o(.text)
    I2C1_EV_IRQHandler                       0x080001b7   Thumb Code     0  startup_stm32f4xx.o(.text)
    I2C2_ER_IRQHandler                       0x080001b7   Thumb Code     0  startup_stm32f4xx.o(.text)
    I2C2_EV_IRQHandler                       0x080001b7   Thumb Code     0  startup_stm32f4xx.o(.text)
    I2C3_ER_IRQHandler                       0x080001b7   Thumb Code     0  startup_stm32f4xx.o(.text)
    I2C3_EV_IRQHandler                       0x080001b7   Thumb Code     0  startup_stm32f4xx.o(.text)
    OTG_FS_IRQHandler                        0x080001b7   Thumb Code     0  startup_stm32f4xx.o(.text)
    OTG_FS_WKUP_IRQHandler                   0x080001b7   Thumb Code     0  startup_stm32f4xx.o(.text)
    OTG_HS_EP1_IN_IRQHandler                 0x080001b7   Thumb Code     0  startup_stm32f4xx.o(.text)
    OTG_HS_EP1_OUT_IRQHandler                0x080001b7   Thumb Code     0  startup_stm32f4xx.o(.text)
    OTG_HS_IRQHandler                        0x080001b7   Thumb Code     0  startup_stm32f4xx.o(.text)
    OTG_HS_WKUP_IRQHandler                   0x080001b7   Thumb Code     0  startup_stm32f4xx.o(.text)
    PVD_IRQHandler                           0x080001b7   Thumb Code     0  startup_stm32f4xx.o(.text)
    RCC_IRQHandler                           0x080001b7   Thumb Code     0  startup_stm32f4xx.o(.text)
    RTC_Alarm_IRQHandler                     0x080001b7   Thumb Code     0  startup_stm32f4xx.o(.text)
    RTC_WKUP_IRQHandler                      0x080001b7   Thumb Code     0  startup_stm32f4xx.o(.text)
    SDIO_IRQHandler                          0x080001b7   Thumb Code     0  startup_stm32f4xx.o(.text)
    SPI1_IRQHandler                          0x080001b7   Thumb Code     0  startup_stm32f4xx.o(.text)
    SPI2_IRQHandler                          0x080001b7   Thumb Code     0  startup_stm32f4xx.o(.text)
    SPI3_IRQHandler                          0x080001b7   Thumb Code     0  startup_stm32f4xx.o(.text)
    TAMP_STAMP_IRQHandler                    0x080001b7   Thumb Code     0  startup_stm32f4xx.o(.text)
    TIM1_BRK_TIM9_IRQHandler                 0x080001b7   Thumb Code     0  startup_stm32f4xx.o(.text)
    TIM1_CC_IRQHandler                       0x080001b7   Thumb Code     0  startup_stm32f4xx.o(.text)
    TIM1_TRG_COM_TIM11_IRQHandler            0x080001b7   Thumb Code     0  startup_stm32f4xx.o(.text)
    TIM1_UP_TIM10_IRQHandler                 0x080001b7   Thumb Code     0  startup_stm32f4xx.o(.text)
    TIM2_IRQHandler                          0x080001b7   Thumb Code     0  startup_stm32f4xx.o(.text)
    TIM3_IRQHandler                          0x080001b7   Thumb Code     0  startup_stm32f4xx.o(.text)
    TIM4_IRQHandler                          0x080001b7   Thumb Code     0  startup_stm32f4xx.o(.text)
    TIM5_IRQHandler                          0x080001b7   Thumb Code     0  startup_stm32f4xx.o(.text)
    TIM6_DAC_IRQHandler                      0x080001b7   Thumb Code     0  startup_stm32f4xx.o(.text)
    TIM7_IRQHandler                          0x080001b7   Thumb Code     0  startup_stm32f4xx.o(.text)
    TIM8_BRK_TIM12_IRQHandler                0x080001b7   Thumb Code     0  startup_stm32f4xx.o(.text)
    TIM8_CC_IRQHandler                       0x080001b7   Thumb Code     0  startup_stm32f4xx.o(.text)
    TIM8_TRG_COM_TIM14_IRQHandler            0x080001b7   Thumb Code     0  startup_stm32f4xx.o(.text)
    TIM8_UP_TIM13_IRQHandler                 0x080001b7   Thumb Code     0  startup_stm32f4xx.o(.text)
    UART4_IRQHandler                         0x080001b7   Thumb Code     0  startup_stm32f4xx.o(.text)
    UART5_IRQHandler                         0x080001b7   Thumb Code     0  startup_stm32f4xx.o(.text)
    USART1_IRQHandler                        0x080001b7   Thumb Code     0  startup_stm32f4xx.o(.text)
    USART2_IRQHandler                        0x080001b7   Thumb Code     0  startup_stm32f4xx.o(.text)
    USART3_IRQHandler                        0x080001b7   Thumb Code     0  startup_stm32f4xx.o(.text)
    USART6_IRQHandler                        0x080001b7   Thumb Code     0  startup_stm32f4xx.o(.text)
    WWDG_IRQHandler                          0x080001b7   Thumb Code     0  startup_stm32f4xx.o(.text)
    OS_CPU_SR_Save                           0x080001c1   Thumb Code     0  os_cpu_a.o(.text)
    OS_CPU_SR_Restore                        0x080001c9   Thumb Code     0  os_cpu_a.o(.text)
    OSStartHighRdy                           0x080001cf   Thumb Code     0  os_cpu_a.o(.text)
    OSCtxSw                                  0x080001ef   Thumb Code     0  os_cpu_a.o(.text)
    OSIntCtxSw                               0x080001f9   Thumb Code     0  os_cpu_a.o(.text)
    PendSV_Handler                           0x08000203   Thumb Code     0  os_cpu_a.o(.text)
    __aeabi_i2d                              0x08000265   Thumb Code    34  dflti.o(.text)
    __aeabi_cdcmpeq                          0x08000289   Thumb Code     0  cdcmple.o(.text)
    __aeabi_cdcmple                          0x08000289   Thumb Code    38  cdcmple.o(.text)
    __aeabi_llsl                             0x080002b1   Thumb Code    30  llshl.o(.text)
    _ll_shift_l                              0x080002b1   Thumb Code     0  llshl.o(.text)
    __aeabi_llsr                             0x080002cf   Thumb Code    32  llushr.o(.text)
    _ll_ushift_r                             0x080002cf   Thumb Code     0  llushr.o(.text)
    __I$use$fp                               0x080002ef   Thumb Code     0  iusefp.o(.text)
    _double_round                            0x080002ef   Thumb Code    26  depilogue.o(.text)
    _double_epilogue                         0x08000309   Thumb Code   164  depilogue.o(.text)
    __scatterload                            0x080003ad   Thumb Code    28  init.o(.text)
    __scatterload_rt2                        0x080003ad   Thumb Code     0  init.o(.text)
    BSP_CPU_ClkFreq                          0x08000555   Thumb Code    14  bsp.o(i.BSP_CPU_ClkFreq)
    BSP_Init                                 0x08000563   Thumb Code    16  bsp.o(i.BSP_Init)
    BusFault_Handler                         0x08000573   Thumb Code     4  stm32f4xx_it.o(i.BusFault_Handler)
    Close_All_TIM                            0x08000579   Thumb Code    46  pwm.o(i.Close_All_TIM)
    DebugMon_Handler                         0x080005b9   Thumb Code     2  stm32f4xx_it.o(i.DebugMon_Handler)
    EXTI_Config                              0x080005bb   Thumb Code     2  bsp.o(i.EXTI_Config)
    GPIO_Configuration                       0x080005bd   Thumb Code     2  bsp.o(i.GPIO_Configuration)
    GPIO_Init                                0x080005bf   Thumb Code   144  stm32f4xx_gpio.o(i.GPIO_Init)
    GPIO_PinAFConfig                         0x0800064f   Thumb Code    70  stm32f4xx_gpio.o(i.GPIO_PinAFConfig)
    GPIO_ResetBits                           0x08000695   Thumb Code     4  stm32f4xx_gpio.o(i.GPIO_ResetBits)
    GPIO_SetBits                             0x08000699   Thumb Code     4  stm32f4xx_gpio.o(i.GPIO_SetBits)
    Go_straight                              0x0800069d   Thumb Code   126  control.o(i.Go_straight)
    HardFault_Handler                        0x0800071b   Thumb Code     4  stm32f4xx_it.o(i.HardFault_Handler)
    LED_Init                                 0x08000721   Thumb Code    60  led.o(i.LED_Init)
    MemManage_Handler                        0x08000761   Thumb Code     4  stm32f4xx_it.o(i.MemManage_Handler)
    NMI_Handler                              0x08000765   Thumb Code     2  stm32f4xx_it.o(i.NMI_Handler)
    NRF24L01_Check                           0x08000769   Thumb Code    72  24l01.o(i.NRF24L01_Check)
    NRF24L01_Init                            0x080007b9   Thumb Code   150  24l01.o(i.NRF24L01_Init)
    NRF24L01_Read_Buf                        0x08000859   Thumb Code    60  24l01.o(i.NRF24L01_Read_Buf)
    NRF24L01_Read_Reg                        0x08000899   Thumb Code    38  24l01.o(i.NRF24L01_Read_Reg)
    NRF24L01_RxPacket                        0x080008c5   Thumb Code    58  24l01.o(i.NRF24L01_RxPacket)
    NRF24L01_Write_Buf                       0x08000901   Thumb Code    60  24l01.o(i.NRF24L01_Write_Buf)
    NRF24L01_Write_Reg                       0x08000941   Thumb Code    40  24l01.o(i.NRF24L01_Write_Reg)
    NVIC_Configuration                       0x0800096d   Thumb Code     2  bsp.o(i.NVIC_Configuration)
    OSEventNameSet                           0x08000971   Thumb Code   100  os_core.o(i.OSEventNameSet)
    OSInit                                   0x080009d9   Thumb Code    52  os_core.o(i.OSInit)
    OSInitHookBegin                          0x08000a0d   Thumb Code    30  os_cpu_c.o(i.OSInitHookBegin)
    OSInitHookEnd                            0x08000a3d   Thumb Code     2  os_cpu_c.o(i.OSInitHookEnd)
    OSIntExit                                0x08000a41   Thumb Code   112  os_core.o(i.OSIntExit)
    OSSchedLock                              0x08000ad1   Thumb Code    50  os_core.o(i.OSSchedLock)
    OSSchedUnlock                            0x08000b11   Thumb Code    82  os_core.o(i.OSSchedUnlock)
    OSSemCreate                              0x08000b71   Thumb Code    72  os_sem.o(i.OSSemCreate)
    OSSemPend                                0x08000bc5   Thumb Code   236  os_sem.o(i.OSSemPend)
    OSSemPost                                0x08000cbd   Thumb Code    94  os_sem.o(i.OSSemPost)
    OSStart                                  0x08000d1d   Thumb Code    48  os_core.o(i.OSStart)
    OSTCBInitHook                            0x08000d65   Thumb Code     2  os_cpu_c.o(i.OSTCBInitHook)
    OSTaskCreate                             0x08000d69   Thumb Code   156  os_task.o(i.OSTaskCreate)
    OSTaskCreateExt                          0x08000e11   Thumb Code   178  os_task.o(i.OSTaskCreateExt)
    OSTaskCreateHook                         0x08000ed1   Thumb Code     2  os_cpu_c.o(i.OSTaskCreateHook)
    OSTaskDel                                0x08000ed5   Thumb Code   326  os_task.o(i.OSTaskDel)
    OSTaskDelHook                            0x08001049   Thumb Code     2  os_cpu_c.o(i.OSTaskDelHook)
    OSTaskIdleHook                           0x0800104b   Thumb Code     2  os_cpu_c.o(i.OSTaskIdleHook)
    OSTaskNameSet                            0x0800104d   Thumb Code   120  os_task.o(i.OSTaskNameSet)
    OSTaskReturnHook                         0x080010d1   Thumb Code     2  os_cpu_c.o(i.OSTaskReturnHook)
    OSTaskStatHook                           0x080010d3   Thumb Code     2  os_cpu_c.o(i.OSTaskStatHook)
    OSTaskStkChk                             0x080010d5   Thumb Code   150  os_task.o(i.OSTaskStkChk)
    OSTaskStkInit                            0x08001175   Thumb Code   152  os_cpu_c.o(i.OSTaskStkInit)
    OSTaskSuspend                            0x08001211   Thumb Code   180  os_task.o(i.OSTaskSuspend)
    OSTaskSwHook                             0x080012d5   Thumb Code     2  os_cpu_c.o(i.OSTaskSwHook)
    OSTimeDly                                0x080012d9   Thumb Code   108  os_time.o(i.OSTimeDly)
    OSTimeDlyHMSM                            0x08001359   Thumb Code   126  os_time.o(i.OSTimeDlyHMSM)
    OSTimeTick                               0x080013e1   Thumb Code   218  os_core.o(i.OSTimeTick)
    OSTimeTickHook                           0x080014d5   Thumb Code    30  os_cpu_c.o(i.OSTimeTickHook)
    OSTmrSignal                              0x080014f9   Thumb Code    16  os_tmr.o(i.OSTmrSignal)
    OSTmr_Init                               0x0800150d   Thumb Code   168  os_tmr.o(i.OSTmr_Init)
    OS_CPU_SysTickClkFreq                    0x08001781   Thumb Code    12  bsp.o(i.OS_CPU_SysTickClkFreq)
    OS_CPU_SysTickInit                       0x0800178d   Thumb Code    92  os_cpu_c.o(i.OS_CPU_SysTickInit)
    OS_Dummy                                 0x080017f1   Thumb Code     2  os_core.o(i.OS_Dummy)
    OS_EventTaskRdy                          0x080017f5   Thumb Code   138  os_core.o(i.OS_EventTaskRdy)
    OS_EventTaskRemove                       0x08001891   Thumb Code    50  os_core.o(i.OS_EventTaskRemove)
    OS_EventTaskRemoveMulti                  0x080018c3   Thumb Code    80  os_core.o(i.OS_EventTaskRemoveMulti)
    OS_EventTaskWait                         0x08001915   Thumb Code   120  os_core.o(i.OS_EventTaskWait)
    OS_EventWaitListInit                     0x08001999   Thumb Code    28  os_core.o(i.OS_EventWaitListInit)
    OS_FlagInit                              0x080019b5   Thumb Code    74  os_flag.o(i.OS_FlagInit)
    OS_FlagUnlink                            0x08001a0d   Thumb Code    36  os_flag.o(i.OS_FlagUnlink)
    OS_MemClr                                0x08001c49   Thumb Code    18  os_core.o(i.OS_MemClr)
    OS_MemInit                               0x08001c5d   Thumb Code    74  os_mem.o(i.OS_MemInit)
    OS_QInit                                 0x08001cb5   Thumb Code    72  os_q.o(i.OS_QInit)
    OS_Sched                                 0x08001d05   Thumb Code    88  os_core.o(i.OS_Sched)
    OS_TCBInit                               0x08001da5   Thumb Code   294  os_core.o(i.OS_TCBInit)
    OS_TaskIdle                              0x08001ee9   Thumb Code    34  os_core.o(i.OS_TaskIdle)
    OS_TaskReturn                            0x08001f11   Thumb Code    18  os_task.o(i.OS_TaskReturn)
    OS_TaskStat                              0x08001f29   Thumb Code   116  os_core.o(i.OS_TaskStat)
    OS_TaskStatStkChk                        0x08001fb1   Thumb Code    54  os_core.o(i.OS_TaskStatStkChk)
    OS_TaskStkClr                            0x08001fed   Thumb Code    26  os_task.o(i.OS_TaskStkClr)
    Open_All_TIM                             0x08002009   Thumb Code    44  pwm.o(i.Open_All_TIM)
    Pace_135_246_Motor3                      0x08002045   Thumb Code   168  control.o(i.Pace_135_246_Motor3)
    Pace_135_Motor2                          0x080020fd   Thumb Code   138  control.o(i.Pace_135_Motor2)
    Pace_135_Motor3                          0x08002195   Thumb Code   134  control.o(i.Pace_135_Motor3)
    Pace_135_Motor3_Different                0x08002229   Thumb Code   132  control.o(i.Pace_135_Motor3_Different)
    Pace_246_Motor2                          0x080022b9   Thumb Code   134  control.o(i.Pace_246_Motor2)
    Pace_246_Motor3                          0x08002351   Thumb Code   138  control.o(i.Pace_246_Motor3)
    Pace_246_Motor3_Different                0x080023e9   Thumb Code   134  control.o(i.Pace_246_Motor3_Different)
    RCC_AHB1PeriphClockCmd                   0x0800247d   Thumb Code    26  stm32f4xx_rcc.o(i.RCC_AHB1PeriphClockCmd)
    RCC_APB1PeriphClockCmd                   0x0800249d   Thumb Code    26  stm32f4xx_rcc.o(i.RCC_APB1PeriphClockCmd)
    RCC_APB1PeriphResetCmd                   0x080024bd   Thumb Code    26  stm32f4xx_rcc.o(i.RCC_APB1PeriphResetCmd)
    RCC_APB2PeriphClockCmd                   0x080024dd   Thumb Code    26  stm32f4xx_rcc.o(i.RCC_APB2PeriphClockCmd)
    RCC_APB2PeriphResetCmd                   0x080024fd   Thumb Code    26  stm32f4xx_rcc.o(i.RCC_APB2PeriphResetCmd)
    RCC_GetClocksFreq                        0x0800251d   Thumb Code   214  stm32f4xx_rcc.o(i.RCC_GetClocksFreq)
    RX_Mode                                  0x08002605   Thumb Code    78  24l01.o(i.RX_Mode)
    SPI1_Init                                0x0800265d   Thumb Code   158  spi.o(i.SPI1_Init)
    SPI1_ReadWriteByte                       0x08002709   Thumb Code    78  spi.o(i.SPI1_ReadWriteByte)
    SPI1_SetSpeed                            0x0800275d   Thumb Code    26  spi.o(i.SPI1_SetSpeed)
    SPI_Cmd                                  0x08002781   Thumb Code    24  stm32f4xx_spi.o(i.SPI_Cmd)
    SPI_I2S_DeInit                           0x08002799   Thumb Code    76  stm32f4xx_spi.o(i.SPI_I2S_DeInit)
    SPI_I2S_GetFlagStatus                    0x080027f1   Thumb Code    18  stm32f4xx_spi.o(i.SPI_I2S_GetFlagStatus)
    SPI_I2S_ReceiveData                      0x08002803   Thumb Code     6  stm32f4xx_spi.o(i.SPI_I2S_ReceiveData)
    SPI_I2S_SendData                         0x08002809   Thumb Code     4  stm32f4xx_spi.o(i.SPI_I2S_SendData)
    SPI_Init                                 0x0800280d   Thumb Code    60  stm32f4xx_spi.o(i.SPI_Init)
    SVC_Handler                              0x08002849   Thumb Code     2  stm32f4xx_it.o(i.SVC_Handler)
    Sit_Down                                 0x08002925   Thumb Code   194  control.o(i.Sit_Down)
    Stamp                                    0x080029fd   Thumb Code    82  control.o(i.Stamp)
    Stand_Up                                 0x08002a51   Thumb Code   268  control.o(i.Stand_Up)
    SysTick_Handler                          0x08002b71   Thumb Code    38  stm32f4xx_it.o(i.SysTick_Handler)
    SystemInit                               0x08002b9d   Thumb Code    74  system_stm32f4xx.o(i.SystemInit)
    TIM1_Config                              0x08002bf9   Thumb Code    98  pwm.o(i.TIM1_Config)
    TIM1_Init                                0x08002c61   Thumb Code   232  pwm.o(i.TIM1_Init)
    TIM2_Config                              0x08002d75   Thumb Code    78  pwm.o(i.TIM2_Config)
    TIM2_Init                                0x08002dc9   Thumb Code   190  pwm.o(i.TIM2_Init)
    TIM3_Config                              0x08002ead   Thumb Code    98  pwm.o(i.TIM3_Config)
    TIM3_Init                                0x08002f15   Thumb Code   180  pwm.o(i.TIM3_Init)
    TIM4_Config                              0x08002ff1   Thumb Code    98  pwm.o(i.TIM4_Config)
    TIM4_Init                                0x08003059   Thumb Code   180  pwm.o(i.TIM4_Init)
    TIM5_Config                              0x08003135   Thumb Code    96  pwm.o(i.TIM5_Config)
    TIM5_Init                                0x08003199   Thumb Code   180  pwm.o(i.TIM5_Init)
    TIM_ARRPreloadConfig                     0x08003275   Thumb Code    24  stm32f4xx_tim.o(i.TIM_ARRPreloadConfig)
    TIM_BDTRConfig                           0x0800328d   Thumb Code    32  stm32f4xx_tim.o(i.TIM_BDTRConfig)
    TIM_Cmd                                  0x080032ad   Thumb Code    24  stm32f4xx_tim.o(i.TIM_Cmd)
    TIM_CtrlPWMOutputs                       0x080032c5   Thumb Code    30  stm32f4xx_tim.o(i.TIM_CtrlPWMOutputs)
    TIM_Init                                 0x080032e3   Thumb Code    24  pwm.o(i.TIM_Init)
    TIM_OC1Init                              0x080032fd   Thumb Code   114  stm32f4xx_tim.o(i.TIM_OC1Init)
    TIM_OC1PreloadConfig                     0x08003379   Thumb Code    18  stm32f4xx_tim.o(i.TIM_OC1PreloadConfig)
    TIM_OC2Init                              0x0800338d   Thumb Code   146  stm32f4xx_tim.o(i.TIM_OC2Init)
    TIM_OC2PreloadConfig                     0x08003429   Thumb Code    22  stm32f4xx_tim.o(i.TIM_OC2PreloadConfig)
    TIM_OC3Init                              0x08003441   Thumb Code   142  stm32f4xx_tim.o(i.TIM_OC3Init)
    TIM_OC3PreloadConfig                     0x080034d9   Thumb Code    18  stm32f4xx_tim.o(i.TIM_OC3PreloadConfig)
    TIM_OC4Init                              0x080034ed   Thumb Code   104  stm32f4xx_tim.o(i.TIM_OC4Init)
    TIM_OC4PreloadConfig                     0x0800355d   Thumb Code    22  stm32f4xx_tim.o(i.TIM_OC4PreloadConfig)
    TIM_SetCompare1                          0x08003573   Thumb Code     4  stm32f4xx_tim.o(i.TIM_SetCompare1)
    TIM_SetCompare2                          0x08003577   Thumb Code     4  stm32f4xx_tim.o(i.TIM_SetCompare2)
    TIM_SetCompare3                          0x0800357b   Thumb Code     4  stm32f4xx_tim.o(i.TIM_SetCompare3)
    TIM_SetCompare4                          0x0800357f   Thumb Code     4  stm32f4xx_tim.o(i.TIM_SetCompare4)
    TIM_TimeBaseInit                         0x08003585   Thumb Code   104  stm32f4xx_tim.o(i.TIM_TimeBaseInit)
    TimeTick_Decrement                       0x08003609   Thumb Code    18  delay.o(i.TimeTick_Decrement)
    Turn                                     0x08003621   Thumb Code    96  control.o(i.Turn)
    UsageFault_Handler                       0x08003681   Thumb Code     4  stm32f4xx_it.o(i.UsageFault_Handler)
    __scatterload_copy                       0x08003685   Thumb Code    14  handlers.o(i.__scatterload_copy)
    __scatterload_null                       0x08003693   Thumb Code     2  handlers.o(i.__scatterload_null)
    __scatterload_zeroinit                   0x08003695   Thumb Code    14  handlers.o(i.__scatterload_zeroinit)
    main                                     0x080036a5   Thumb Code    96  main.o(i.main)
    TX_ADDRESS                               0x08003710   Data           5  24l01.o(.constdata)
    RX_ADDRESS                               0x08003715   Data           5  24l01.o(.constdata)
    OSUnMapTbl                               0x0800371a   Data         256  os_core.o(.constdata)
    Region$$Table$$Base                      0x0800381c   Number         0  anon$$obj.o(Region$$Table)
    Region$$Table$$Limit                     0x0800383c   Number         0  anon$$obj.o(Region$$Table)
    cmd_last                                 0x20000000   Data           1  main.o(.data)
    pwm_init                                 0x20000008   Data         104  control.o(.data)
    CCR1_Val                                 0x20000070   Data           2  pwm.o(.data)
    CCR2_Val                                 0x20000072   Data           2  pwm.o(.data)
    CCR3_Val                                 0x20000074   Data           2  pwm.o(.data)
    CCR4_Val                                 0x20000076   Data           2  pwm.o(.data)
    PrescalerValue                           0x20000078   Data           2  pwm.o(.data)
    SystemCoreClock                          0x2000008c   Data           4  system_stm32f4xx.o(.data)
    AHBPrescTable                            0x20000090   Data          16  system_stm32f4xx.o(.data)
    OS_CPU_ExceptStkBase                     0x200000a0   Data           4  os_cpu_c.o(.data)
    OSCtxSwCtr                               0x200000a8   Data           4  os_core.o(.data)
    OSEventFreeList                          0x200000ac   Data           4  os_core.o(.data)
    OSFlagFreeList                           0x200000b0   Data           4  os_core.o(.data)
    OSCPUUsage                               0x200000b4   Data           1  os_core.o(.data)
    OSIdleCtrMax                             0x200000b8   Data           4  os_core.o(.data)
    OSIdleCtrRun                             0x200000bc   Data           4  os_core.o(.data)
    OSStatRdy                                0x200000c0   Data           1  os_core.o(.data)
    OSIntNesting                             0x200000c1   Data           1  os_core.o(.data)
    OSLockNesting                            0x200000c2   Data           1  os_core.o(.data)
    OSPrioCur                                0x200000c3   Data           1  os_core.o(.data)
    OSPrioHighRdy                            0x200000c4   Data           1  os_core.o(.data)
    OSRdyGrp                                 0x200000c5   Data           1  os_core.o(.data)
    OSRdyTbl                                 0x200000c6   Data           8  os_core.o(.data)
    OSRunning                                0x200000ce   Data           1  os_core.o(.data)
    OSTaskCtr                                0x200000cf   Data           1  os_core.o(.data)
    OSIdleCtr                                0x200000d0   Data           4  os_core.o(.data)
    OSTCBCur                                 0x200000d4   Data           4  os_core.o(.data)
    OSTCBFreeList                            0x200000d8   Data           4  os_core.o(.data)
    OSTCBHighRdy                             0x200000dc   Data           4  os_core.o(.data)
    OSTCBList                                0x200000e0   Data           4  os_core.o(.data)
    OSTickStepState                          0x200000e4   Data           1  os_core.o(.data)
    OSMemFreeList                            0x200000e8   Data           4  os_core.o(.data)
    OSQFreeList                              0x200000ec   Data           4  os_core.o(.data)
    OSTime                                   0x200000f0   Data           4  os_core.o(.data)
    OSTmrFree                                0x200000f4   Data           2  os_core.o(.data)
    OSTmrUsed                                0x200000f6   Data           2  os_core.o(.data)
    OSTmrTime                                0x200000f8   Data           4  os_core.o(.data)
    OSTmrSem                                 0x200000fc   Data           4  os_core.o(.data)
    OSTmrSemSignal                           0x20000100   Data           4  os_core.o(.data)
    OSTmrFreeList                            0x20000104   Data           4  os_core.o(.data)
    tmp_buf                                  0x20003908   Data          33  main.o(.bss)
    TIM_TimeBaseStructure                    0x2000392c   Data          12  pwm.o(.bss)
    TIM_OCInitStructure                      0x20003938   Data          20  pwm.o(.bss)
    TIM_BDTRInitStructure                    0x2000394c   Data          14  pwm.o(.bss)
    SPI_InitStructure                        0x2000395a   Data          18  spi.o(.bss)
    OS_CPU_ExceptStk                         0x2000396c   Data         512  os_cpu_c.o(.bss)
    OSEventTbl                               0x20003b6c   Data         240  os_core.o(.bss)
    OSFlagTbl                                0x20003c5c   Data          80  os_core.o(.bss)
    OSTaskStatStk                            0x20003cac   Data         512  os_core.o(.bss)
    OSTaskIdleStk                            0x20003eac   Data         512  os_core.o(.bss)
    OSTCBPrioTbl                             0x200040ac   Data         256  os_core.o(.bss)
    OSTCBTbl                                 0x200041ac   Data        1936  os_core.o(.bss)
    OSMemTbl                                 0x2000493c   Data         120  os_core.o(.bss)
    OSQTbl                                   0x200049b4   Data          96  os_core.o(.bss)
    OSTmrTbl                                 0x20004a14   Data         640  os_core.o(.bss)
    OSTmrTaskStk                             0x20004c94   Data         512  os_core.o(.bss)
    OSTmrWheelTbl                            0x20004e94   Data          64  os_core.o(.bss)
    __initial_sp                             0x200052d8   Data           0  startup_stm32f4xx.o(STACK)



==============================================================================

Memory Map of the image

  Image Entry point : 0x08000189

  Load Region LR_IROM1 (Base: 0x08000000, Size: 0x00003944, Max: 0x00100000, ABSOLUTE)

    Execution Region ER_IROM1 (Base: 0x08000000, Size: 0x0000383c, Max: 0x00100000, ABSOLUTE)

    Base Addr    Size         Type   Attr      Idx    E Section Name        Object

    0x08000000   0x00000188   Data   RO         2494    RESET               startup_stm32f4xx.o
    0x08000188   0x00000000   Code   RO         6482  * .ARM.Collect$$$$00000000  mc_w.l(entry.o)
    0x08000188   0x00000004   Code   RO         6801    .ARM.Collect$$$$00000001  mc_w.l(entry2.o)
    0x0800018c   0x00000004   Code   RO         6804    .ARM.Collect$$$$00000004  mc_w.l(entry5.o)
    0x08000190   0x00000000   Code   RO         6806    .ARM.Collect$$$$00000008  mc_w.l(entry7b.o)
    0x08000190   0x00000008   Code   RO         6807    .ARM.Collect$$$$00000009  mc_w.l(entry8.o)
    0x08000198   0x00000004   Code   RO         6802    .ARM.Collect$$$$00002712  mc_w.l(entry2.o)
    0x0800019c   0x00000024   Code   RO         2495    .text               startup_stm32f4xx.o
    0x080001c0   0x000000a4   Code   RO         3709    .text               os_cpu_a.o
    0x08000264   0x00000022   Code   RO         6783    .text               mf_w.l(dflti.o)
    0x08000286   0x00000002   PAD
    0x08000288   0x00000028   Code   RO         6793    .text               mf_w.l(cdcmple.o)
    0x080002b0   0x0000001e   Code   RO         6813    .text               mc_w.l(llshl.o)
    0x080002ce   0x00000020   Code   RO         6815    .text               mc_w.l(llushr.o)
    0x080002ee   0x00000000   Code   RO         6826    .text               mc_w.l(iusefp.o)
    0x080002ee   0x000000be   Code   RO         6829    .text               mf_w.l(depilogue.o)
    0x080003ac   0x00000024   Code   RO         6839    .text               mc_w.l(init.o)
    0x080003d0   0x00000050   Code   RO            2    i.App_TaskStart     main.o
    0x08000420   0x00000078   Code   RO            3    i.App_Task_ACTION   main.o
    0x08000498   0x00000048   Code   RO            4    i.App_Task_LED1     main.o
    0x080004e0   0x00000074   Code   RO            5    i.App_Task_NRF24L01  main.o
    0x08000554   0x0000000e   Code   RO         4658    i.BSP_CPU_ClkFreq   bsp.o
    0x08000562   0x00000010   Code   RO         4659    i.BSP_Init          bsp.o
    0x08000572   0x00000004   Code   RO          215    i.BusFault_Handler  stm32f4xx_it.o
    0x08000576   0x00000002   PAD
    0x08000578   0x00000040   Code   RO          840    i.Close_All_TIM     pwm.o
    0x080005b8   0x00000002   Code   RO          216    i.DebugMon_Handler  stm32f4xx_it.o
    0x080005ba   0x00000002   Code   RO         4660    i.EXTI_Config       bsp.o
    0x080005bc   0x00000002   Code   RO         4661    i.GPIO_Configuration  bsp.o
    0x080005be   0x00000090   Code   RO         1189    i.GPIO_Init         stm32f4xx_gpio.o
    0x0800064e   0x00000046   Code   RO         1190    i.GPIO_PinAFConfig  stm32f4xx_gpio.o
    0x08000694   0x00000004   Code   RO         1196    i.GPIO_ResetBits    stm32f4xx_gpio.o
    0x08000698   0x00000004   Code   RO         1197    i.GPIO_SetBits      stm32f4xx_gpio.o
    0x0800069c   0x0000007e   Code   RO          734    i.Go_straight       control.o
    0x0800071a   0x00000004   Code   RO          217    i.HardFault_Handler  stm32f4xx_it.o
    0x0800071e   0x00000002   PAD
    0x08000720   0x00000040   Code   RO          440    i.LED_Init          led.o
    0x08000760   0x00000004   Code   RO          218    i.MemManage_Handler  stm32f4xx_it.o
    0x08000764   0x00000002   Code   RO          219    i.NMI_Handler       stm32f4xx_it.o
    0x08000766   0x00000002   PAD
    0x08000768   0x00000050   Code   RO          660    i.NRF24L01_Check    24l01.o
    0x080007b8   0x000000a0   Code   RO          661    i.NRF24L01_Init     24l01.o
    0x08000858   0x00000040   Code   RO          662    i.NRF24L01_Read_Buf  24l01.o
    0x08000898   0x0000002c   Code   RO          663    i.NRF24L01_Read_Reg  24l01.o
    0x080008c4   0x0000003a   Code   RO          664    i.NRF24L01_RxPacket  24l01.o
    0x080008fe   0x00000002   PAD
    0x08000900   0x00000040   Code   RO          666    i.NRF24L01_Write_Buf  24l01.o
    0x08000940   0x0000002c   Code   RO          667    i.NRF24L01_Write_Reg  24l01.o
    0x0800096c   0x00000002   Code   RO         4662    i.NVIC_Configuration  bsp.o
    0x0800096e   0x00000002   PAD
    0x08000970   0x00000068   Code   RO         3713    i.OSEventNameSet    os_core.o
    0x080009d8   0x00000034   Code   RO         3715    i.OSInit            os_core.o
    0x08000a0c   0x00000030   Code   RO         3602    i.OSInitHookBegin   os_cpu_c.o
    0x08000a3c   0x00000002   Code   RO         3603    i.OSInitHookEnd     os_cpu_c.o
    0x08000a3e   0x00000002   PAD
    0x08000a40   0x00000090   Code   RO         3717    i.OSIntExit         os_core.o
    0x08000ad0   0x00000040   Code   RO         3718    i.OSSchedLock       os_core.o
    0x08000b10   0x00000060   Code   RO         3719    i.OSSchedUnlock     os_core.o
    0x08000b70   0x00000054   Code   RO         4227    i.OSSemCreate       os_sem.o
    0x08000bc4   0x000000f8   Code   RO         4229    i.OSSemPend         os_sem.o
    0x08000cbc   0x0000005e   Code   RO         4231    i.OSSemPost         os_sem.o
    0x08000d1a   0x00000002   PAD
    0x08000d1c   0x00000048   Code   RO         3720    i.OSStart           os_core.o
    0x08000d64   0x00000002   Code   RO         3604    i.OSTCBInitHook     os_cpu_c.o
    0x08000d66   0x00000002   PAD
    0x08000d68   0x000000a8   Code   RO         4281    i.OSTaskCreate      os_task.o
    0x08000e10   0x000000c0   Code   RO         4282    i.OSTaskCreateExt   os_task.o
    0x08000ed0   0x00000002   Code   RO         3605    i.OSTaskCreateHook  os_cpu_c.o
    0x08000ed2   0x00000002   PAD
    0x08000ed4   0x00000174   Code   RO         4283    i.OSTaskDel         os_task.o
    0x08001048   0x00000002   Code   RO         3606    i.OSTaskDelHook     os_cpu_c.o
    0x0800104a   0x00000002   Code   RO         3607    i.OSTaskIdleHook    os_cpu_c.o
    0x0800104c   0x00000084   Code   RO         4286    i.OSTaskNameSet     os_task.o
    0x080010d0   0x00000002   Code   RO         3608    i.OSTaskReturnHook  os_cpu_c.o
    0x080010d2   0x00000002   Code   RO         3609    i.OSTaskStatHook    os_cpu_c.o
    0x080010d4   0x000000a0   Code   RO         4291    i.OSTaskStkChk      os_task.o
    0x08001174   0x0000009c   Code   RO         3610    i.OSTaskStkInit     os_cpu_c.o
    0x08001210   0x000000c4   Code   RO         4292    i.OSTaskSuspend     os_task.o
    0x080012d4   0x00000002   Code   RO         3611    i.OSTaskSwHook      os_cpu_c.o
    0x080012d6   0x00000002   PAD
    0x080012d8   0x00000080   Code   RO         4376    i.OSTimeDly         os_time.o
    0x08001358   0x00000088   Code   RO         4377    i.OSTimeDlyHMSM     os_time.o
    0x080013e0   0x000000f4   Code   RO         3722    i.OSTimeTick        os_core.o
    0x080014d4   0x00000024   Code   RO         3612    i.OSTimeTickHook    os_cpu_c.o
    0x080014f8   0x00000014   Code   RO         4416    i.OSTmrSignal       os_tmr.o
    0x0800150c   0x000000f4   Code   RO         4422    i.OSTmr_Init        os_tmr.o
    0x08001600   0x00000050   Code   RO         4423    i.OSTmr_InitTask    os_tmr.o
    0x08001650   0x0000006c   Code   RO         4424    i.OSTmr_Link        os_tmr.o
    0x080016bc   0x00000080   Code   RO         4425    i.OSTmr_Task        os_tmr.o
    0x0800173c   0x00000044   Code   RO         4426    i.OSTmr_Unlink      os_tmr.o
    0x08001780   0x0000000c   Code   RO         4663    i.OS_CPU_SysTickClkFreq  bsp.o
    0x0800178c   0x00000064   Code   RO         3614    i.OS_CPU_SysTickInit  os_cpu_c.o
    0x080017f0   0x00000002   Code   RO         3724    i.OS_Dummy          os_core.o
    0x080017f2   0x00000002   PAD
    0x080017f4   0x0000009c   Code   RO         3725    i.OS_EventTaskRdy   os_core.o
    0x08001890   0x00000032   Code   RO         3726    i.OS_EventTaskRemove  os_core.o
    0x080018c2   0x00000050   Code   RO         3727    i.OS_EventTaskRemoveMulti  os_core.o
    0x08001912   0x00000002   PAD
    0x08001914   0x00000084   Code   RO         3728    i.OS_EventTaskWait  os_core.o
    0x08001998   0x0000001c   Code   RO         3730    i.OS_EventWaitListInit  os_core.o
    0x080019b4   0x00000058   Code   RO         3933    i.OS_FlagInit       os_flag.o
    0x08001a0c   0x00000024   Code   RO         3935    i.OS_FlagUnlink     os_flag.o
    0x08001a30   0x00000060   Code   RO         3731    i.OS_InitEventList  os_core.o
    0x08001a90   0x00000054   Code   RO         3732    i.OS_InitMisc       os_core.o
    0x08001ae4   0x00000044   Code   RO         3733    i.OS_InitRdyList    os_core.o
    0x08001b28   0x00000080   Code   RO         3734    i.OS_InitTCBList    os_core.o
    0x08001ba8   0x00000050   Code   RO         3735    i.OS_InitTaskIdle   os_core.o
    0x08001bf8   0x00000050   Code   RO         3736    i.OS_InitTaskStat   os_core.o
    0x08001c48   0x00000012   Code   RO         3737    i.OS_MemClr         os_core.o
    0x08001c5a   0x00000002   PAD
    0x08001c5c   0x00000058   Code   RO         4065    i.OS_MemInit        os_mem.o
    0x08001cb4   0x00000050   Code   RO         4164    i.OS_QInit          os_q.o
    0x08001d04   0x00000074   Code   RO         3739    i.OS_Sched          os_core.o
    0x08001d78   0x0000002c   Code   RO         3740    i.OS_SchedNew       os_core.o
    0x08001da4   0x00000144   Code   RO         3742    i.OS_TCBInit        os_core.o
    0x08001ee8   0x00000028   Code   RO         3743    i.OS_TaskIdle       os_core.o
    0x08001f10   0x00000018   Code   RO         4293    i.OS_TaskReturn     os_task.o
    0x08001f28   0x00000088   Code   RO         3744    i.OS_TaskStat       os_core.o
    0x08001fb0   0x0000003c   Code   RO         3745    i.OS_TaskStatStkChk  os_core.o
    0x08001fec   0x0000001a   Code   RO         4294    i.OS_TaskStkClr     os_task.o
    0x08002006   0x00000002   PAD
    0x08002008   0x0000003c   Code   RO          841    i.Open_All_TIM      pwm.o
    0x08002044   0x000000b8   Code   RO          736    i.Pace_135_246_Motor3  control.o
    0x080020fc   0x00000098   Code   RO          738    i.Pace_135_Motor2   control.o
    0x08002194   0x00000094   Code   RO          739    i.Pace_135_Motor3   control.o
    0x08002228   0x00000090   Code   RO          740    i.Pace_135_Motor3_Different  control.o
    0x080022b8   0x00000098   Code   RO          741    i.Pace_246_Motor2   control.o
    0x08002350   0x00000098   Code   RO          742    i.Pace_246_Motor3   control.o
    0x080023e8   0x00000094   Code   RO          743    i.Pace_246_Motor3_Different  control.o
    0x0800247c   0x00000020   Code   RO         1466    i.RCC_AHB1PeriphClockCmd  stm32f4xx_rcc.o
    0x0800249c   0x00000020   Code   RO         1475    i.RCC_APB1PeriphClockCmd  stm32f4xx_rcc.o
    0x080024bc   0x00000020   Code   RO         1477    i.RCC_APB1PeriphResetCmd  stm32f4xx_rcc.o
    0x080024dc   0x00000020   Code   RO         1478    i.RCC_APB2PeriphClockCmd  stm32f4xx_rcc.o
    0x080024fc   0x00000020   Code   RO         1480    i.RCC_APB2PeriphResetCmd  stm32f4xx_rcc.o
    0x0800251c   0x000000e8   Code   RO         1487    i.RCC_GetClocksFreq  stm32f4xx_rcc.o
    0x08002604   0x00000058   Code   RO          668    i.RX_Mode           24l01.o
    0x0800265c   0x000000ac   Code   RO          932    i.SPI1_Init         spi.o
    0x08002708   0x00000054   Code   RO          933    i.SPI1_ReadWriteByte  spi.o
    0x0800275c   0x00000024   Code   RO          934    i.SPI1_SetSpeed     spi.o
    0x08002780   0x00000018   Code   RO         2306    i.SPI_Cmd           stm32f4xx_spi.o
    0x08002798   0x00000058   Code   RO         2313    i.SPI_I2S_DeInit    stm32f4xx_spi.o
    0x080027f0   0x00000012   Code   RO         2314    i.SPI_I2S_GetFlagStatus  stm32f4xx_spi.o
    0x08002802   0x00000006   Code   RO         2317    i.SPI_I2S_ReceiveData  stm32f4xx_spi.o
    0x08002808   0x00000004   Code   RO         2318    i.SPI_I2S_SendData  stm32f4xx_spi.o
    0x0800280c   0x0000003c   Code   RO         2319    i.SPI_Init          stm32f4xx_spi.o
    0x08002848   0x00000002   Code   RO          220    i.SVC_Handler       stm32f4xx_it.o
    0x0800284a   0x00000002   PAD
    0x0800284c   0x000000d8   Code   RO         2460    i.SetSysClock       system_stm32f4xx.o
    0x08002924   0x000000d8   Code   RO          744    i.Sit_Down          control.o
    0x080029fc   0x00000052   Code   RO          745    i.Stamp             control.o
    0x08002a4e   0x00000002   PAD
    0x08002a50   0x00000120   Code   RO          746    i.Stand_Up          control.o
    0x08002b70   0x0000002c   Code   RO          221    i.SysTick_Handler   stm32f4xx_it.o
    0x08002b9c   0x0000005c   Code   RO         2462    i.SystemInit        system_stm32f4xx.o
    0x08002bf8   0x00000068   Code   RO          842    i.TIM1_Config       pwm.o
    0x08002c60   0x00000114   Code   RO          843    i.TIM1_Init         pwm.o
    0x08002d74   0x00000054   Code   RO          844    i.TIM2_Config       pwm.o
    0x08002dc8   0x000000e4   Code   RO          845    i.TIM2_Init         pwm.o
    0x08002eac   0x00000068   Code   RO          846    i.TIM3_Config       pwm.o
    0x08002f14   0x000000dc   Code   RO          847    i.TIM3_Init         pwm.o
    0x08002ff0   0x00000068   Code   RO          848    i.TIM4_Config       pwm.o
    0x08003058   0x000000dc   Code   RO          849    i.TIM4_Init         pwm.o
    0x08003134   0x00000064   Code   RO          850    i.TIM5_Config       pwm.o
    0x08003198   0x000000dc   Code   RO          851    i.TIM5_Init         pwm.o
    0x08003274   0x00000018   Code   RO         1746    i.TIM_ARRPreloadConfig  stm32f4xx_tim.o
    0x0800328c   0x00000020   Code   RO         1747    i.TIM_BDTRConfig    stm32f4xx_tim.o
    0x080032ac   0x00000018   Code   RO         1758    i.TIM_Cmd           stm32f4xx_tim.o
    0x080032c4   0x0000001e   Code   RO         1760    i.TIM_CtrlPWMOutputs  stm32f4xx_tim.o
    0x080032e2   0x00000018   Code   RO          852    i.TIM_Init          pwm.o
    0x080032fa   0x00000002   PAD
    0x080032fc   0x0000007c   Code   RO         1787    i.TIM_OC1Init       stm32f4xx_tim.o
    0x08003378   0x00000012   Code   RO         1790    i.TIM_OC1PreloadConfig  stm32f4xx_tim.o
    0x0800338a   0x00000002   PAD
    0x0800338c   0x0000009c   Code   RO         1792    i.TIM_OC2Init       stm32f4xx_tim.o
    0x08003428   0x00000016   Code   RO         1795    i.TIM_OC2PreloadConfig  stm32f4xx_tim.o
    0x0800343e   0x00000002   PAD
    0x08003440   0x00000098   Code   RO         1797    i.TIM_OC3Init       stm32f4xx_tim.o
    0x080034d8   0x00000012   Code   RO         1800    i.TIM_OC3PreloadConfig  stm32f4xx_tim.o
    0x080034ea   0x00000002   PAD
    0x080034ec   0x00000070   Code   RO         1802    i.TIM_OC4Init       stm32f4xx_tim.o
    0x0800355c   0x00000016   Code   RO         1804    i.TIM_OC4PreloadConfig  stm32f4xx_tim.o
    0x08003572   0x00000004   Code   RO         1820    i.TIM_SetCompare1   stm32f4xx_tim.o
    0x08003576   0x00000004   Code   RO         1821    i.TIM_SetCompare2   stm32f4xx_tim.o
    0x0800357a   0x00000004   Code   RO         1822    i.TIM_SetCompare3   stm32f4xx_tim.o
    0x0800357e   0x00000004   Code   RO         1823    i.TIM_SetCompare4   stm32f4xx_tim.o
    0x08003582   0x00000002   PAD
    0x08003584   0x00000084   Code   RO         1830    i.TIM_TimeBaseInit  stm32f4xx_tim.o
    0x08003608   0x00000018   Code   RO          392    i.TimeTick_Decrement  delay.o
    0x08003620   0x00000060   Code   RO          747    i.Turn              control.o
    0x08003680   0x00000004   Code   RO          222    i.UsageFault_Handler  stm32f4xx_it.o
    0x08003684   0x0000000e   Code   RO         6843    i.__scatterload_copy  mc_w.l(handlers.o)
    0x08003692   0x00000002   Code   RO         6844    i.__scatterload_null  mc_w.l(handlers.o)
    0x08003694   0x0000000e   Code   RO         6845    i.__scatterload_zeroinit  mc_w.l(handlers.o)
    0x080036a2   0x00000002   PAD
    0x080036a4   0x0000006c   Code   RO            6    i.main              main.o
    0x08003710   0x0000000a   Data   RO          670    .constdata          24l01.o
    0x0800371a   0x00000100   Data   RO         3747    .constdata          os_core.o
    0x0800381a   0x00000002   PAD
    0x0800381c   0x00000020   Data   RO         6841    Region$$Table       anon$$obj.o


    Execution Region RW_IRAM1 (Base: 0x20000000, Size: 0x000052d8, Max: 0x00020000, ABSOLUTE)

    Base Addr    Size         Type   Attr      Idx    E Section Name        Object

    0x20000000   0x00000002   Data   RW            8    .data               main.o
    0x20000002   0x00000002   PAD
    0x20000004   0x00000004   Data   RW          396    .data               delay.o
    0x20000008   0x00000068   Data   RW          748    .data               control.o
    0x20000070   0x0000000a   Data   RW          854    .data               pwm.o
    0x2000007a   0x00000010   Data   RW         1510    .data               stm32f4xx_rcc.o
    0x2000008a   0x00000002   PAD
    0x2000008c   0x00000014   Data   RW         2463    .data               system_stm32f4xx.o
    0x200000a0   0x00000006   Data   RW         3616    .data               os_cpu_c.o
    0x200000a6   0x00000002   PAD
    0x200000a8   0x00000060   Data   RW         3748    .data               os_core.o
    0x20000108   0x00003821   Zero   RW            7    .bss                main.o
    0x20003929   0x00000003   PAD
    0x2000392c   0x0000002e   Zero   RW          853    .bss                pwm.o
    0x2000395a   0x00000012   Zero   RW          935    .bss                spi.o
    0x2000396c   0x00000200   Zero   RW         3615    .bss                os_cpu_c.o
    0x20003b6c   0x00001368   Zero   RW         3746    .bss                os_core.o
    0x20004ed4   0x00000004   PAD
    0x20004ed8   0x00000400   Zero   RW         2492    STACK               startup_stm32f4xx.o


==============================================================================

Image component sizes


      Code (inc. data)   RO Data    RW Data    ZI Data      Debug   Object Name

       602         46         10          0          0       4981   24l01.o
        48          0          0          0          0       2361   bsp.o
      1888        144          0        104          0       8012   control.o
        24          6          0          4          0      18928   delay.o
        64          4          0          0          0        443   led.o
       496         74          0          2      14369     241606   main.o
      2498        412        256         96       4968      22968   os_core.o
       164         32          0          0          0        280   os_cpu_a.o
       356         36          0          6        512      14982   os_cpu_c.o
       124         14          0          0          0       1110   os_flag.o
        88         14          0          0          0        489   os_mem.o
        80          8          0          0          0        519   os_q.o
       426         24          0          0          0       2290   os_sem.o
      1270        116          0          0          0       6508   os_task.o
       264         30          0          0          0       1360   os_time.o
       648        138          0          0          0       3555   os_tmr.o
      1808        264          0         10         46       6553   pwm.o
       292         30          0          0         18       1789   spi.o
        36          8        392          0       1024        744   startup_stm32f4xx.o
       222          0          0          0          0       2599   stm32f4xx_gpio.o
        66          6          0          0          0     266648   stm32f4xx_it.o
       392         48          0         16          0       5085   stm32f4xx_rcc.o
       200         12          0          0          0       3671   stm32f4xx_spi.o
       882         66          0          0          0       9950   stm32f4xx_tim.o
       308         36          0         20          0       1673   system_stm32f4xx.o

    ----------------------------------------------------------------------
     13288       1568        692        264      20944     629104   Object Totals
         0          0         32          0          0          0   (incl. Generated)
        42          0          2          6          7          0   (incl. Padding)

    ----------------------------------------------------------------------

      Code (inc. data)   RO Data    RW Data    ZI Data      Debug   Library Member Name

         0          0          0          0          0          0   entry.o
         8          4          0          0          0          0   entry2.o
         4          0          0          0          0          0   entry5.o
         0          0          0          0          0          0   entry7b.o
         8          4          0          0          0          0   entry8.o
        30          0          0          0          0          0   handlers.o
        36          8          0          0          0         68   init.o
         0          0          0          0          0          0   iusefp.o
        30          0          0          0          0         68   llshl.o
        32          0          0          0          0         68   llushr.o
        40          2          0          0          0         68   cdcmple.o
       190          0          0          0          0        176   depilogue.o
        34          0          0          0          0         76   dflti.o

    ----------------------------------------------------------------------
       416         18          0          0          0        524   Library Totals
         4          0          0          0          0          0   (incl. Padding)

    ----------------------------------------------------------------------

      Code (inc. data)   RO Data    RW Data    ZI Data      Debug   Library Name

       148         16          0          0          0        204   mc_w.l
       264          2          0          0          0        320   mf_w.l

    ----------------------------------------------------------------------
       416         18          0          0          0        524   Library Totals

    ----------------------------------------------------------------------

==============================================================================


      Code (inc. data)   RO Data    RW Data    ZI Data      Debug   

     13704       1586        692        264      20944     621620   Grand Totals
     13704       1586        692        264      20944     621620   ELF Image Totals
     13704       1586        692        264          0          0   ROM Totals

==============================================================================

    Total RO  Size (Code + RO Data)                14396 (  14.06kB)
    Total RW  Size (RW Data + ZI Data)             21208 (  20.71kB)
    Total ROM Size (Code + RO Data + RW Data)      14660 (  14.32kB)

==============================================================================

