<html>
<body>
<pre>
<h1>µVision Build Log</h1>
<h2>Project:</h2>
F:\Folder\Spider\Code\6.PWM_F4(uCOSII)\Project\Project.uvproj
Project File Date:  03/28/2014

<h2>Output:</h2>
Build target 'STM32F4'
compiling control.c...
linking...
Program Size: Code=13684 RO-data=692 RW-data=264 ZI-data=20944  
"..\Output\Project.axf" - 0 Error(s), 0 Warning(s).
Load "..\\Output\\Project.AXF" 
Build target 'STM32F4'
compiling main.c...
compiling control.c...
linking...
Program Size: Code=13684 RO-data=692 RW-data=264 ZI-data=20944  
"..\Output\Project.axf" - 0 Error(s), 0 Warning(s).
Load "..\\Output\\Project.AXF" 
Build target 'STM32F4'
compiling main.c...
compiling control.c...
linking...
Program Size: Code=13684 RO-data=692 RW-data=264 ZI-data=20944  
"..\Output\Project.axf" - 0 Error(s), 0 Warning(s).
Build target 'STM32F4'
compiling main.c...
..\User\main.c(76): warning:  #223-D: function "LED4" declared implicitly
linking...
..\Output\Project.axf: Error: L6218E: Undefined symbol LED4 (referred from main.o).
Target not created
Build target 'STM32F4'
compiling main.c...
linking...
Program Size: Code=13704 RO-data=692 RW-data=264 ZI-data=20944  
"..\Output\Project.axf" - 0 Error(s), 0 Warning(s).
Load "..\\Output\\Project.AXF" 
